declare global @__external_rtti_vtable____class_type_info [role=rtti_class, binding=strong, object=_ZTVN10__cxxabiv117__class_type_infoE]
declare global @__external_rtti_vtable____vmi_class_type_info [role=rtti_vmi, binding=strong, object=_ZTVN10__cxxabiv121__vmi_class_type_infoE]

declare function @operatordelete(%arg0 : ptr) -> void [unwind=no, role=free_memory, binding=strong, object=cppgm_builtin_operator_delete]

global @__typeinfo_name__struct_Left [binding=weak, object=_ZTS4Left] = {
  i8 52
  i8 76
  i8 101
  i8 102
  i8 116
  i8 0
}
global @__rtti_struct_Left [binding=weak, object=_ZTI4Left] = {
  ptr addr @__external_rtti_vtable____class_type_info + 16
  ptr addr @__typeinfo_name__struct_Left
}
global @__typeinfo_name__struct_Right [binding=weak, object=_ZTS5Right] = {
  i8 53
  i8 82
  i8 105
  i8 103
  i8 104
  i8 116
  i8 0
}
global @__rtti_struct_Right [binding=weak, object=_ZTI5Right] = {
  ptr addr @__external_rtti_vtable____class_type_info + 16
  ptr addr @__typeinfo_name__struct_Right
}
global @__typeinfo_name__struct_Virtual [binding=weak, object=_ZTS7Virtual] = {
  i8 55
  i8 86
  i8 105
  i8 114
  i8 116
  i8 117
  i8 97
  i8 108
  i8 0
}
global @__rtti_struct_Virtual [binding=weak, object=_ZTI7Virtual] = {
  ptr addr @__external_rtti_vtable____vmi_class_type_info + 16
  ptr addr @__typeinfo_name__struct_Virtual
  i32 0
  i32 2
  ptr addr @__rtti_struct_Left
  i64 2050
  ptr addr @__rtti_struct_Right
  i64 3074
}
global @__typeinfo_name__struct_Object [binding=weak, object=_ZTS6Object] = {
  i8 54
  i8 79
  i8 98
  i8 106
  i8 101
  i8 99
  i8 116
  i8 0
}
global @__rtti_struct_Object [binding=weak, object=_ZTI6Object] = {
  ptr addr @__external_rtti_vtable____vmi_class_type_info + 16
  ptr addr @__typeinfo_name__struct_Object
  i32 0
  i32 1
  ptr addr @__rtti_struct_Virtual
  i64 -6141
}
global @Virtual__vtable [binding=weak, object=_ZTV7Virtual] = {
  i64 0
  ptr addr @__rtti_struct_Virtual
  ptr addr @Virtual___Virtual
  ptr addr @Virtual___Virtual__deleting_entry
}
global @Object__vtable [binding=weak, object=_ZTV6Object] = {
  i64 16
  i64 0
  ptr addr @__rtti_struct_Object
  ptr addr @Object___Object
  ptr addr @Object___Object__deleting_entry
}
global @Object____view__Virtual__16__vtable [binding=internal, object=@Object____view__Virtual__16__vtable] = {
  i64 0
  i64 -16
  ptr addr @__rtti_struct_Object
  ptr addr @_Object___Object__vtable_return_adjust__this_neg16__return_pos0
  ptr addr @_Object___Object__deleting_entry__vtable_return_adjust__this_neg16__return_pos0
}
global @Object____vtt [binding=weak, object=_ZTT6Object, object_root=yes] = {
  ptr addr @Object__vtable + 24
  ptr addr @Object____view__Virtual__16__vtable + 24
}

function @implicit_conversion(%pointer : ptr) -> ptr [binding=strong, object=_Z19implicit_conversionP6Object] {
  slot $pointer : ptr
  slot $basecast__1 : ptr
  slot $basecast__2 : ptr

  block ^entry:
    store ptr %pointer, $pointer
    %t1 = load ptr $pointer
    %t2 = cmp eq ptr %t1, 0
    branch %t2, ^basecast_null_1, ^basecast_adjust_2

  block ^basecast_null_1:
    store ptr 0, $basecast__2
    jump ^basecast_end_3

  block ^basecast_adjust_2:
    %t3 = load ptr %t1
    %t4 = index i8 %t3, -24
    %t5 = load i64 %t4
    %t6 = index i8 %t1, %t5
    %t7 = index i8 %t6, 0
    store ptr %t7, $basecast__2
    jump ^basecast_end_3

  block ^basecast_end_3:
    %t8 = load ptr $basecast__2
    return ptr %t8
}
function @explicit_conversion(%pointer : ptr) -> ptr [binding=strong, object=_Z19explicit_conversionP6Object] {
  slot $pointer : ptr
  slot $basecast__1 : ptr
  slot $basecast__2 : ptr

  block ^entry:
    store ptr %pointer, $pointer
    %t1 = load ptr $pointer
    %t2 = cmp eq ptr %t1, 0
    branch %t2, ^basecast_null_1, ^basecast_adjust_2

  block ^basecast_null_1:
    store ptr 0, $basecast__2
    jump ^basecast_end_3

  block ^basecast_adjust_2:
    %t3 = load ptr %t1
    %t4 = index i8 %t3, -24
    %t5 = load i64 %t4
    %t6 = index i8 %t1, %t5
    %t7 = index i8 %t6, 0
    store ptr %t7, $basecast__2
    jump ^basecast_end_3

  block ^basecast_end_3:
    %t8 = load ptr $basecast__2
    return ptr %t8
}
function @nested_conversion(%pointer : ptr) -> ptr [binding=strong, object=_Z17nested_conversionP6Object] {
  slot $pointer : ptr
  slot $basecast__1 : ptr
  slot $basecast__2 : ptr

  block ^entry:
    store ptr %pointer, $pointer
    %t1 = load ptr $pointer
    %t2 = cmp eq ptr %t1, 0
    branch %t2, ^basecast_null_1, ^basecast_adjust_2

  block ^basecast_null_1:
    store ptr 0, $basecast__2
    jump ^basecast_end_3

  block ^basecast_adjust_2:
    %t3 = load ptr %t1
    %t4 = index i8 %t3, -24
    %t5 = load i64 %t4
    %t6 = index i8 %t1, %t5
    %t7 = index i8 %t6, 12
    store ptr %t7, $basecast__2
    jump ^basecast_end_3

  block ^basecast_end_3:
    %t8 = load ptr $basecast__2
    return ptr %t8
}
function @reference_to_pointer(%pointer : ptr [pass=by_address, object_bytes=8]) -> ptr [binding=strong, object=_Z20reference_to_pointerRP6Object] {
  slot $pointer : ptr
  slot $basecast__1 : ptr
  slot $basecast__2 : ptr

  block ^entry:
    store ptr %pointer, $pointer
    %t1 = load ptr $pointer
    %t2 = load ptr %t1
    %t3 = cmp eq ptr %t2, 0
    branch %t3, ^basecast_null_1, ^basecast_adjust_2

  block ^basecast_null_1:
    store ptr 0, $basecast__2
    jump ^basecast_end_3

  block ^basecast_adjust_2:
    %t4 = load ptr %t2
    %t5 = index i8 %t4, -24
    %t6 = load i64 %t5
    %t7 = index i8 %t2, %t6
    %t8 = index i8 %t7, 0
    store ptr %t8, $basecast__2
    jump ^basecast_end_3

  block ^basecast_end_3:
    %t9 = load ptr $basecast__2
    return ptr %t9
}
function @main() -> i32 [role=entry, binding=strong, keep_alias=yes] {
  slot $pointer : ptr
  slot $object : obj<32x8>
  slot $expected : ptr
  slot $lor__1 : i64
  slot $lor__2 : i64
  slot $lor__3 : i64
  slot $call__4 : ptr
  slot $call__5 : ptr
  slot $call__6 : ptr
  slot $call__7 : ptr

  block ^entry:
    %t1 = copy ptr nullptr
    store ptr %t1, $pointer
    %t2 = load ptr $pointer
    %t3 = call ptr @implicit_conversion(%t2)
    branch %t3, ^if_then_1, ^lor_rhs_6

  block ^lor_rhs_6:
    %t4 = load ptr $pointer
    %t5 = call ptr @explicit_conversion(%t4)
    branch %t5, ^if_then_1, ^lor_rhs_5

  block ^lor_rhs_5:
    %t6 = load ptr $pointer
    %t7 = call ptr @nested_conversion(%t6)
    branch %t7, ^if_then_1, ^lor_rhs_4

  block ^lor_rhs_4:
    %t8 = addr $pointer
    %t9 = call ptr @reference_to_pointer(%t8)
    branch %t9, ^if_then_1, ^if_else_2

  block ^if_then_1:
    return i32 1

  block ^if_else_2:
    jump ^if_end_3

  block ^if_end_3:
    %t10 = addr $object
    call void @Object__Object(%t10)
    %t11 = addr $object
    store ptr %t11, $pointer
    %t12 = addr $object
    %t13 = load ptr %t12
    %t14 = index i8 %t13, -24
    %t15 = load i64 %t14
    %t16 = index i8 %t12, %t15
    %t17 = index i8 %t16, 0
    store ptr %t17, $expected
    eh_try ^cleanup_action_8
    %t18 = load ptr $pointer
    %t19 = call ptr @implicit_conversion(%t18)
    store ptr %t19, $call__4
    %t20 = load ptr $call__4
    %t21 = load ptr $expected
    %t22 = cmp ne ptr %t20, %t21
    eh_end
    jump ^call_unwind_end_18

  block ^cleanup_resume_7:
    resume

  block ^cleanup_action_8:
    %t23 = addr $object
    call void @Object___Object(%t23)
    jump ^cleanup_resume_7

  block ^call_unwind_end_18:
    branch %t22, ^lor_short_16, ^lor_rhs_15

  block ^lor_rhs_15:
    eh_try ^cleanup_action_8
    %t24 = load ptr $pointer
    %t25 = call ptr @explicit_conversion(%t24)
    store ptr %t25, $call__5
    %t26 = load ptr $call__5
    %t27 = load ptr $expected
    %t28 = cmp ne ptr %t26, %t27
    %t29 = cmp ne i64 %t28, 0
    store i64 %t29, $lor__3
    eh_end
    jump ^lor_end_17

  block ^lor_short_16:
    store i64 1, $lor__3
    jump ^lor_end_17

  block ^lor_end_17:
    %t30 = load i64 $lor__3
    branch %t30, ^lor_short_13, ^lor_rhs_12

  block ^lor_rhs_12:
    eh_try ^cleanup_action_8
    %t31 = load ptr $pointer
    %t32 = call ptr @nested_conversion(%t31)
    store ptr %t32, $call__6
    %t33 = load ptr $call__6
    %t34 = addr $object
    %t35 = load ptr %t34
    %t36 = index i8 %t35, -24
    %t37 = load i64 %t36
    %t38 = index i8 %t34, %t37
    %t39 = index i8 %t38, 12
    %t40 = cmp ne ptr %t33, %t39
    %t41 = cmp ne i64 %t40, 0
    store i64 %t41, $lor__2
    eh_end
    jump ^lor_end_14

  block ^lor_short_13:
    store i64 1, $lor__2
    jump ^lor_end_14

  block ^lor_end_14:
    %t42 = load i64 $lor__2
    branch %t42, ^lor_short_10, ^lor_rhs_9

  block ^lor_rhs_9:
    eh_try ^cleanup_action_8
    %t43 = addr $pointer
    %t44 = call ptr @reference_to_pointer(%t43)
    store ptr %t44, $call__7
    %t45 = load ptr $call__7
    %t46 = load ptr $expected
    %t47 = cmp ne ptr %t45, %t46
    %t48 = cmp ne i64 %t47, 0
    store i64 %t48, $lor__1
    eh_end
    jump ^lor_end_11

  block ^lor_short_10:
    store i64 1, $lor__1
    jump ^lor_end_11

  block ^lor_end_11:
    %t49 = load i64 $lor__1
    %t50 = convert trunc i32 i64 %t49
    %t51 = addr $object
    call void @Object___Object(%t51)
    return i32 %t50
}
function @Object___Object__base_entry(%this : ptr [object_bytes=32], %__vtt : ptr, %__vbptr0 : ptr) -> void [unwind=no, binding=weak, object=_ZN6ObjectD2Ev, object_root=yes, inline_hint=yes] {
  slot $this : ptr

  block ^entry:
    store ptr %this, $this
    %t1 = load ptr $this
    %t2 = load ptr %__vtt
    store ptr %t2, %t1
    %t3 = index i8 %__vbptr0, 0
    %t4 = index i8 %__vtt, 8
    %t5 = load ptr %t4
    store ptr %t5, %t3
    return void
}
function @Object___Object__deleting_entry(%this : ptr) -> void [binding=weak, object=_ZN6ObjectD0Ev] {
  slot $this : ptr

  block ^entry:
    store ptr %this, $this
    eh_cleanup ^destructor_cleanup_1
    %t1 = load ptr $this
    call void @Object___Object(%t1)
    eh_end
    %t2 = load ptr $this
    call void @operatordelete(%t2)
    jump ^destructor_end_2

  block ^destructor_cleanup_1:
    %t3 = load ptr $this
    call void @operatordelete(%t3)
    eh_end
    resume

  block ^destructor_end_2:
    return void
}
function @Object___Object(%this : ptr [object_bytes=32]) -> void [unwind=no, binding=weak, object=_ZN6ObjectD1Ev, inline_hint=yes] {
  slot $this : ptr

  block ^entry:
    store ptr %this, $this
    eh_cleanup ^destructor_cleanup_1
    %t1 = load ptr $this
    %t2 = addr @Object__vtable
    %t3 = index i8 %t2, 24
    store ptr %t3, %t1
    %t4 = load ptr $this
    %t5 = load ptr %t4
    %t6 = index i8 %t5, -24
    %t7 = load i64 %t6
    %t8 = index i8 %t4, %t7
    %t9 = index i8 %t8, 0
    %t10 = addr @Object____view__Virtual__16__vtable
    %t11 = index i8 %t10, 24
    store ptr %t11, %t9
    eh_end
    %t12 = load ptr $this
    %t13 = index i8 %t12, 16
    call void @Virtual___Virtual__base_entry(%t13)
    jump ^destructor_end_2

  block ^destructor_cleanup_1:
    %t14 = load ptr $this
    %t15 = index i8 %t14, 16
    call void @Virtual___Virtual__base_entry(%t15)
    eh_end
    resume

  block ^destructor_end_2:
    return void
}
function @Object__Object(%this : ptr [object_bytes=32]) -> void [binding=weak, object=_ZN6ObjectC1Ev, inline_hint=yes] {
  slot $this : ptr

  block ^entry:
    store ptr %this, $this
    %t1 = load ptr $this
    %t2 = index i8 %t1, 16
    call void @Virtual__Virtual__base_entry(%t2)
    eh_cleanup ^constructor_cleanup_1
    %t5 = load ptr $this
    %t6 = addr @Object__vtable
    %t7 = index i8 %t6, 24
    store ptr %t7, %t5
    %t8 = load ptr $this
    %t9 = load ptr %t8
    %t10 = index i8 %t9, -24
    %t11 = load i64 %t10
    %t12 = index i8 %t8, %t11
    %t13 = index i8 %t12, 0
    %t14 = addr @Object____view__Virtual__16__vtable
    %t15 = index i8 %t14, 24
    store ptr %t15, %t13
    eh_end
    return void

  block ^constructor_cleanup_1:
    %t3 = load ptr $this
    %t4 = index i8 %t3, 16
    call void @Virtual___Virtual__base_entry(%t4)
    eh_end
    resume
}
function @Virtual___Virtual__base_entry(%this : ptr [object_bytes=16]) -> void [unwind=no, binding=weak, object=_ZN7VirtualD2Ev, object_root=yes, inline_hint=yes] {
  slot $this : ptr

  block ^entry:
    store ptr %this, $this
    %t1 = load ptr $this
    %t2 = addr @Virtual__vtable
    %t3 = index i8 %t2, 16
    store ptr %t3, %t1
    return void
}
function @Virtual___Virtual__deleting_entry(%this : ptr) -> void [binding=weak, object=_ZN7VirtualD0Ev] {
  slot $this : ptr

  block ^entry:
    store ptr %this, $this
    eh_cleanup ^destructor_cleanup_1
    %t1 = load ptr $this
    %t2 = addr @Virtual__vtable
    %t3 = index i8 %t2, 16
    store ptr %t3, %t1
    eh_end
    %t4 = load ptr $this
    call void @operatordelete(%t4)
    jump ^destructor_end_2

  block ^destructor_cleanup_1:
    %t5 = load ptr $this
    call void @operatordelete(%t5)
    eh_end
    resume

  block ^destructor_end_2:
    return void
}
function @Virtual___Virtual(%this : ptr [object_bytes=16]) -> void [unwind=no, binding=weak, object=_ZN7VirtualD1Ev, inline_hint=yes] {
  slot $this : ptr

  block ^entry:
    store ptr %this, $this
    %t1 = load ptr $this
    %t2 = addr @Virtual__vtable
    %t3 = index i8 %t2, 16
    store ptr %t3, %t1
    return void
}
function @Virtual__Virtual__base_entry(%this : ptr [object_bytes=16]) -> void [unwind=no, binding=weak, object=_ZN7VirtualC2Ev, object_root=yes, inline_hint=yes] {
  slot $this : ptr

  block ^entry:
    store ptr %this, $this
    %t1 = load ptr $this
    %t2 = addr @Virtual__vtable
    %t3 = index i8 %t2, 16
    store ptr %t3, %t1
    return void
}
function @_Object___Object__deleting_entry__vtable_return_adjust__this_neg16__return_pos0(%arg0 : ptr) -> void [binding=weak, object=_ZThn16_N6ObjectD0Ev] {
  block ^entry:
    %t1 = index i8 %arg0, -16
    call void @Object___Object__deleting_entry(%t1)
    return void
}
function @_Object___Object__vtable_return_adjust__this_neg16__return_pos0(%arg0 : ptr) -> void [unwind=no, binding=weak, object=_ZThn16_N6ObjectD1Ev] {
  block ^entry:
    %t1 = index i8 %arg0, -16
    call void @Object___Object(%t1)
    return void
}
