declare global @__external_rtti_vtable____class_type_info [role=rtti_class, binding=strong, object=_ZTVN10__cxxabiv117__class_type_infoE]
declare global @__external_rtti_vtable____vmi_class_type_info [role=rtti_vmi, binding=strong, object=_ZTVN10__cxxabiv121__vmi_class_type_infoE]

global @__typeinfo_name__struct_VirtualBase [binding=weak, object=_ZTS11VirtualBase] = {
  i8 49
  i8 49
  i8 86
  i8 105
  i8 114
  i8 116
  i8 117
  i8 97
  i8 108
  i8 66
  i8 97
  i8 115
  i8 101
  i8 0
}
global @__rtti_struct_VirtualBase [binding=weak, object=_ZTI11VirtualBase] = {
  ptr addr @__external_rtti_vtable____class_type_info + 16
  ptr addr @__typeinfo_name__struct_VirtualBase
}
global @__typeinfo_name__struct_Derived [binding=weak, object=_ZTS7Derived] = {
  i8 55
  i8 68
  i8 101
  i8 114
  i8 105
  i8 118
  i8 101
  i8 100
  i8 0
}
global @__rtti_struct_Derived [binding=weak, object=_ZTI7Derived] = {
  ptr addr @__external_rtti_vtable____vmi_class_type_info + 16
  ptr addr @__typeinfo_name__struct_Derived
  i32 0
  i32 1
  ptr addr @__rtti_struct_VirtualBase
  i64 -6141
}
global @Derived__vtable [binding=weak, object=_ZTV7Derived] = {
  i64 8
  i64 0
  ptr addr @__rtti_struct_Derived
}
global @Derived____vtt [binding=weak, object=_ZTT7Derived, object_root=yes] = {
  ptr addr @Derived__vtable + 24
}

function @use_derived() -> i32 [binding=strong, object=_Z11use_derivedv] {
  slot $value : obj<16x8>

  block ^entry:
    %t1 = addr $value
    call void @Derived__Derived(%t1)
    %t2 = addr $value
    %t3 = index i8 %t2, 8
    %t4 = index i8 [projection=field] %t3, 0
    %t5 = load i32 %t4
    return i32 %t5
}
function @Derived__Derived(%this : ptr [object_bytes=16]) -> void [unwind=no, binding=weak, object=_ZN7DerivedC1Ev, inline_hint=yes] {
  slot $this : ptr

  block ^entry:
    store ptr %this, $this
    %t1 = load ptr $this
    %t2 = index i8 %t1, 8
    call void @VirtualBase__VirtualBase__base_entry(%t2)
    %t3 = load ptr $this
    %t4 = addr @Derived__vtable
    %t5 = index i8 %t4, 24
    store ptr %t5, %t3
    return void
}
function @Derived___Derived__base_entry(%this : ptr [object_bytes=16], %__vtt : ptr, %__vbptr0 : ptr) -> void [unwind=no, binding=weak, object=_ZN7DerivedD2Ev, object_root=yes, inline_hint=yes] {
  slot $this : ptr

  block ^entry:
    store ptr %this, $this
    return void
}
function @Derived___Derived(%this : ptr [object_bytes=16]) -> void [unwind=no, binding=weak, object=_ZN7DerivedD1Ev, object_root=yes, inline_hint=yes] {
  slot $this : ptr

  block ^entry:
    store ptr %this, $this
    return void
}
function @VirtualBase__VirtualBase__base_entry(%this : ptr [object_bytes=4]) -> void [unwind=no, binding=weak, object=_ZN11VirtualBaseC2Ev, object_root=yes, inline_hint=yes] {
  slot $this : ptr

  block ^entry:
    store ptr %this, $this
    %t1 = load ptr $this
    %t2 = index i8 [projection=field] %t1, 0
    store i32 7, %t2
    return void
}
function @VirtualBase__VirtualBase(%this : ptr [object_bytes=4]) -> void [unwind=no, binding=weak, object=_ZN11VirtualBaseC1Ev, inline_hint=yes] {
  slot $this : ptr

  block ^entry:
    store ptr %this, $this
    %t1 = load ptr $this
    %t2 = index i8 [projection=field] %t1, 0
    store i32 7, %t2
    return void
}
