function @make(%ret : ptr [pass=indirect_result]) -> void [binding=strong, object=_Z4makev] {
  block ^entry:
    call void @Outer__Outer(%ret)
    %t1 = index i8 [projection=field] %ret, 0
    %t2 = index i8 [projection=field] %t1, 0
    store i32 7, %t2
    return void
}
function @main() -> i32 [role=entry, binding=strong, keep_alias=yes] {
  slot $target : obj<4x4>
  slot $arg__1 : obj<4x4>
  slot $cond__2 : i32

  block ^entry:
    %t1 = addr $target
    call void @Outer__Outer(%t1)
    %t2 = addr $target
    %t3 = addr $arg__1
    call void @make(%t3)
    %t4 = call ptr @Outer__operator___ov2(%t2, %t3)
    %t5 = addr $target
    %t6 = index i8 [projection=field] %t5, 0
    %t7 = index i8 [projection=field] %t6, 0
    %t8 = load i32 %t7
    %t9 = cmp eq i32 %t8, 7
    branch %t9, ^cond_then_1, ^cond_else_2

  block ^cond_then_1:
    store i32 0, $cond__2
    jump ^cond_end_3

  block ^cond_else_2:
    store i32 1, $cond__2
    jump ^cond_end_3

  block ^cond_end_3:
    %t10 = load i32 $cond__2
    return i32 %t10
}
function @Outer__Outer(%this : ptr) -> void [binding=weak, object=_ZN5OuterC1Ev] {
  slot $this : ptr

  block ^entry:
    store ptr %this, $this
    %t1 = load ptr $this
    %t2 = index i8 [projection=field] %t1, 0
    call void @MoveOnly__MoveOnly(%t2, 0)
    return void
}
function @Outer__operator___ov2(%this : ptr, %other : ptr [pass=reference]) -> ptr [binding=weak, object=_ZN5OuteraSEOS_] {
  slot $this : ptr
  slot $other : ptr

  block ^entry:
    store ptr %this, $this
    store ptr %other, $other
    %t1 = load ptr $this
    %t2 = index i8 [projection=field] %t1, 0
    %t3 = load ptr $other
    %t4 = index i8 [projection=field] %t3, 0
    %t5 = call ptr @MoveOnly__operator___ov2(%t2, %t4)
    %t6 = load ptr $this
    return ptr %t6
}
function @MoveOnly__MoveOnly(%this : ptr, %value : i32) -> void [binding=weak, object=_ZN8MoveOnlyC1Ei] {
  slot $this : ptr
  slot $value : i32

  block ^entry:
    store ptr %this, $this
    store i32 %value, $value
    %t1 = load i32 $value
    %t2 = load ptr $this
    %t3 = index i8 [projection=field] %t2, 0
    store i32 %t1, %t3
    return void
}
function @MoveOnly__MoveOnly__ov3(%this : ptr, %other : ptr [pass=reference]) -> void [binding=weak, object=_ZN8MoveOnlyC1EOS_] {
  slot $this : ptr
  slot $other : ptr

  block ^entry:
    store ptr %this, $this
    store ptr %other, $other
    %t1 = load ptr $other
    %t2 = index i8 [projection=field] %t1, 0
    %t3 = load i32 %t2
    %t4 = load ptr $this
    %t5 = index i8 [projection=field] %t4, 0
    store i32 %t3, %t5
    %t6 = load ptr $other
    %t7 = index i8 [projection=field] %t6, 0
    store i32 0, %t7
    return void
}
function @MoveOnly__operator___ov2(%this : ptr, %other : ptr [pass=reference]) -> ptr [binding=weak, object=_ZN8MoveOnlyaSEOS_] {
  slot $this : ptr
  slot $other : ptr

  block ^entry:
    store ptr %this, $this
    store ptr %other, $other
    %t1 = load ptr $this
    %t2 = load ptr $other
    %t3 = cmp ne ptr %t1, %t2
    branch %t3, ^if_then_1, ^if_else_2

  block ^if_then_1:
    %t4 = load ptr $other
    %t5 = index i8 [projection=field] %t4, 0
    %t6 = load i32 %t5
    %t7 = load ptr $this
    %t8 = index i8 [projection=field] %t7, 0
    store i32 %t6, %t8
    %t9 = load ptr $other
    %t10 = index i8 [projection=field] %t9, 0
    store i32 0, %t10
    jump ^if_end_3

  block ^if_else_2:
    jump ^if_end_3

  block ^if_end_3:
    %t11 = load ptr $this
    return ptr %t11
}
