global @holder [binding=strong] = {
  zero 24
}
global @objects [binding=strong] = {
  zero 36
}
global @further [binding=strong] = {
  zero 16
}
global @member_reference : ptr [binding=strong] = addr @holder + 12
global @member_pointer : ptr [binding=strong] = addr @holder + 12
global @array_reference : ptr [binding=strong] = addr @objects + 16
global @nested_reference : ptr [binding=strong] = addr @further + 4
global @alias : ptr [binding=strong] = addr @objects + 16

function @main() -> i32 [role=entry, binding=strong, keep_alias=yes] {
  slot $lor__1 : i64
  slot $lor__2 : i64
  slot $lor__3 : i64
  slot $lor__4 : i64
  slot $lor__5 : i64
  slot $lor__6 : i64

  block ^entry:
    %t1 = load ptr @member_reference
    %t2 = index i8 [projection=field] %t1, 0
    store i32 3, %t2
    %t3 = load ptr @array_reference
    %t4 = index i8 [projection=field] %t3, 0
    store i32 5, %t4
    %t5 = load ptr @nested_reference
    %t6 = index i8 [projection=field] %t5, 0
    store i32 7, %t6
    %t7 = addr @holder
    %t8 = index i8 [projection=field] %t7, 8
    %t9 = index i8 %t8, 4
    %t10 = index i8 [projection=field] %t9, 0
    %t11 = load i32 %t10
    %t12 = cmp ne i32 %t11, 3
    branch %t12, ^lor_short_17, ^lor_rhs_16

  block ^lor_rhs_16:
    %t13 = addr @objects
    %t14 = binary mul i64 1, 12
    %t15 = index i8 [projection=array_element] %t13, %t14
    %t16 = index i8 %t15, 4
    %t17 = index i8 [projection=field] %t16, 0
    %t18 = load i32 %t17
    %t19 = cmp ne i32 %t18, 5
    %t20 = cmp ne i64 %t19, 0
    store i64 %t20, $lor__6
    jump ^lor_end_18

  block ^lor_short_17:
    store i64 1, $lor__6
    jump ^lor_end_18

  block ^lor_end_18:
    %t21 = load i64 $lor__6
    branch %t21, ^lor_short_14, ^lor_rhs_13

  block ^lor_rhs_13:
    %t22 = addr @further
    %t23 = index i8 %t22, 4
    %t24 = index i8 [projection=field] %t23, 0
    %t25 = load i32 %t24
    %t26 = cmp ne i32 %t25, 7
    %t27 = cmp ne i64 %t26, 0
    store i64 %t27, $lor__5
    jump ^lor_end_15

  block ^lor_short_14:
    store i64 1, $lor__5
    jump ^lor_end_15

  block ^lor_end_15:
    %t28 = load i64 $lor__5
    branch %t28, ^lor_short_11, ^lor_rhs_10

  block ^lor_rhs_10:
    %t29 = addr @objects
    %t30 = binary mul i64 0, 12
    %t31 = index i8 [projection=array_element] %t29, %t30
    %t32 = index i8 %t31, 4
    %t33 = index i8 [projection=field] %t32, 0
    %t34 = load i32 %t33
    %t35 = cmp ne i32 %t34, 0
    %t36 = cmp ne i64 %t35, 0
    store i64 %t36, $lor__4
    jump ^lor_end_12

  block ^lor_short_11:
    store i64 1, $lor__4
    jump ^lor_end_12

  block ^lor_end_12:
    %t37 = load i64 $lor__4
    branch %t37, ^lor_short_8, ^lor_rhs_7

  block ^lor_rhs_7:
    %t38 = addr @objects
    %t39 = binary mul i64 2, 12
    %t40 = index i8 [projection=array_element] %t38, %t39
    %t41 = index i8 %t40, 4
    %t42 = index i8 [projection=field] %t41, 0
    %t43 = load i32 %t42
    %t44 = cmp ne i32 %t43, 0
    %t45 = cmp ne i64 %t44, 0
    store i64 %t45, $lor__3
    jump ^lor_end_9

  block ^lor_short_8:
    store i64 1, $lor__3
    jump ^lor_end_9

  block ^lor_end_9:
    %t46 = load i64 $lor__3
    branch %t46, ^lor_short_5, ^lor_rhs_4

  block ^lor_rhs_4:
    %t47 = load ptr @member_pointer
    %t48 = addr @holder
    %t49 = index i8 [projection=field] %t48, 8
    %t50 = index i8 %t49, 4
    %t51 = cmp ne ptr %t47, %t50
    %t52 = cmp ne i64 %t51, 0
    store i64 %t52, $lor__2
    jump ^lor_end_6

  block ^lor_short_5:
    store i64 1, $lor__2
    jump ^lor_end_6

  block ^lor_end_6:
    %t53 = load i64 $lor__2
    branch %t53, ^lor_short_2, ^lor_rhs_1

  block ^lor_rhs_1:
    %t54 = load ptr @alias
    %t55 = addr @objects
    %t56 = binary mul i64 1, 12
    %t57 = index i8 [projection=array_element] %t55, %t56
    %t58 = index i8 %t57, 4
    %t59 = cmp ne ptr %t54, %t58
    %t60 = cmp ne i64 %t59, 0
    store i64 %t60, $lor__1
    jump ^lor_end_3

  block ^lor_short_2:
    store i64 1, $lor__1
    jump ^lor_end_3

  block ^lor_end_3:
    %t61 = load i64 $lor__1
    %t62 = convert trunc i32 i64 %t61
    return i32 %t62
}
function @__cppgm_init() -> void [role=init, binding=internal] {
  block ^entry:
    return void
}
