function @main() -> i32 [role=entry, binding=strong, keep_alias=yes] {
  slot $s : obj<4x4>
  slot $argobj__1 : obj<4x4>

  block ^entry:
    %t1 = addr $s
    call void @S_int__int___S(%t1, 7)
    %t2 = addr $argobj__1
    %t3 = addr $s
    %t4 = call obj<4x4> @S_int__int___operatorView_T_(%t3)
    copyobj 4x4 %t4, %t2
    %t5 = call i32 @helper(3, $argobj__1)
    %t6 = binary sub i32 %t5, 10
    return i32 %t6
}
function @S_int__int___S(%this : ptr, %x : i32) -> void [binding=weak, object=_ZN1SIiiEC1Ei] {
  slot $this : ptr
  slot $x : i32

  block ^entry:
    store ptr %this, $this
    store i32 %x, $x
    %t1 = load i32 $x
    %t2 = load ptr $this
    %t3 = index i8 [projection=field] %t2, 0
    store i32 %t1, %t3
    return void
}
function @S_int__int___operatorView_T_(%this : ptr) -> obj<4x4> [binding=weak, object=_ZNK1SIiiEcv4ViewIiEEv] {
  slot $this : ptr
  slot $v : obj<4x4>
  slot $retobj__1 : obj<4x4>

  block ^entry:
    store ptr %this, $this
    %t1 = addr $v
    %t2 = load ptr $this
    %t3 = index i8 [projection=field] %t2, 0
    %t4 = load i32 %t3
    %t5 = addr $v
    %t6 = index i8 [projection=field] %t5, 0
    store i32 %t4, %t6
    %t7 = addr $retobj__1
    %t8 = addr $v
    copyobj 4x4 %t8, %t7
    return obj<4x4> $retobj__1
}
function @helper(%a : i32, %v : obj<4x4>) -> i32 [binding=weak, object=_Z6helperIiiEiT0_4ViewIT_E] {
  slot $a : i32
  slot $v : obj<4x4>

  block ^entry:
    store i32 %a, $a
    %t1 = addr $v
    copyobj 4x4 %v, %t1
    %t2 = load i32 $a
    %t3 = addr $v
    %t4 = index i8 [projection=field] %t3, 0
    %t5 = load i32 %t4
    %t6 = binary add i32 %t2, %t5
    return i32 %t6
}
