function @main() -> i32 [role=entry, binding=strong, keep_alias=yes] {
  slot $bits : obj<1x1>
  slot $cond__1 : i32

  block ^entry:
    %t1 = addr $bits
    %t2 = addr $bits
    %t3 = call i32 @box_bool__int___f(%t2)
    %t4 = cmp eq i32 %t3, 4
    branch %t4, ^cond_then_1, ^cond_else_2

  block ^cond_then_1:
    store i32 0, $cond__1
    jump ^cond_end_3

  block ^cond_else_2:
    store i32 1, $cond__1
    jump ^cond_end_3

  block ^cond_end_3:
    %t5 = load i32 $cond__1
    return i32 %t5
}
function @box_bool__int___f(%this : ptr) -> i32 [binding=weak, object=_ZN3boxIbiE1fEv] {
  slot $this : ptr

  block ^entry:
    store ptr %this, $this
    return i32 4
}
