global @calls : i32 [binding=strong, object=_Z5calls] = zero

function @initialize() -> i32 [binding=strong, object=_Z10initializev] {
  block ^entry:
    %t1 = load i32 @calls
    %t2 = binary add i32 %t1, 1
    store i32 %t2, @calls
    return i32 7
}
function @main() -> i32 [role=entry, binding=strong, keep_alias=yes] {
  slot $object : obj<1x1>
  slot $converted : i32
  slot $lor__1 : i64
  slot $lor__2 : i64

  block ^entry:
    %t1 = addr $object
    %t2 = addr $object
    %t3 = call i32 @unused_int___operatorint(%t2)
    store i32 %t3, $converted
    %t4 = load i32 @calls
    branch %t4, ^lor_short_5, ^lor_rhs_4

  block ^lor_rhs_4:
    %t5 = addr $object
    %t6 = call i32 @unused_int___value(%t5)
    %t7 = cmp ne i32 %t6, 7
    %t8 = cmp ne i64 %t7, 0
    store i64 %t8, $lor__2
    jump ^lor_end_6

  block ^lor_short_5:
    store i64 1, $lor__2
    jump ^lor_end_6

  block ^lor_end_6:
    %t9 = load i64 $lor__2
    branch %t9, ^lor_short_2, ^lor_rhs_1

  block ^lor_rhs_1:
    %t10 = load i32 $converted
    %t11 = cmp ne i32 %t10, 3
    %t12 = cmp ne i64 %t11, 0
    store i64 %t12, $lor__1
    jump ^lor_end_3

  block ^lor_short_2:
    store i64 1, $lor__1
    jump ^lor_end_3

  block ^lor_end_3:
    %t13 = load i64 $lor__1
    %t14 = convert trunc i32 i64 %t13
    return i32 %t14
}
function @unused_int___operatorint(%this : ptr [object_bytes=1]) -> i32 [binding=weak, object=_ZN6unusedIiEcviEv, inline_hint=yes] {
  slot $this : ptr

  block ^entry:
    store ptr %this, $this
    return i32 3
}
function @unused_int___value(%this : ptr [object_bytes=1]) -> i32 [binding=weak, object=_ZN6unusedIiE5valueEv, inline_hint=yes] {
  slot $this : ptr

  block ^entry:
    store ptr %this, $this
    return i32 7
}
