1 translation units
start translation unit 1
translation-unit
  linkage-specification C
    simple-declaration
      decl-specifier-seq
        decl-specifier KW_LONG:long
        decl-specifier KW_INT:int
      init-declarator-list
        init-declarator
          declarator
            identifier syscall
            parameter-clause
              parameter-declaration
                decl-specifier-seq
                  decl-specifier KW_LONG:long
                  decl-specifier KW_INT:int
                declarator
                  identifier n
              parameter-pack ...
            function-qualifier throw()
end translation unit
