function @id(%y : obj<4x4>) -> i32 [binding=strong, object=_Z2id1Y] {
  slot $y : obj<4x4>

  block ^entry:
    %t1 = addr $y
    copyobj 4x4 %y, %t1
    %t2 = addr $y
    %t3 = index i8 [projection=field] %t2, 0
    %t4 = load i32 %t3
    return i32 %t4
}
function @main() -> i32 [role=entry, binding=strong, keep_alias=yes] {
  slot $a : obj<4x4>
  slot $argobj__1 : obj<4x4>

  block ^entry:
    %t1 = addr $a
    %t2 = addr $a
    %t3 = index i8 [projection=field] %t2, 0
    store i32 8, %t3
    %t4 = addr $argobj__1
    %t5 = addr $a
    copyobj 4x4 %t5, %t4
    %t6 = call i32 @id($argobj__1)
    return i32 %t6
}
