1 translation units
start translation unit 1
translation-unit
  function-definition
    decl-specifier-seq
      decl-specifier KW_INT:int
    declarator
      identifier main
      parameter-clause
    compound-statement
      expression-statement
        unary-expression OP_INC:++
          id-expression x
      expression-statement
        postfix-expression OP_INC:++
          id-expression y
end translation unit
