declare global @__external_rtti_vtable____fundamental_type_info [role=rtti_data, binding=strong, object=_ZTVN10__cxxabiv123__fundamental_type_infoE]
declare global @__external_rtti__int [role=rtti_data, binding=strong, object=_ZTIi]

declare function @__external_runtime____cxa_allocate_exception(%arg0 : i64) -> ptr [role=eh_allocate_exception, linkage=c, binding=strong, object=__cxa_allocate_exception]
declare function @__external_runtime____cxa_begin_catch(%arg0 : ptr) -> ptr [role=eh_begin_catch, linkage=c, binding=strong, object=__cxa_begin_catch]
declare function @__external_runtime____cxa_end_catch() -> void [role=eh_end_catch, linkage=c, binding=strong, object=__cxa_end_catch]
declare function @__external_runtime____cxa_throw(%arg0 : ptr, %arg1 : ptr, %arg2 : ptr) -> void [return=noreturn, role=eh_throw, linkage=c, binding=strong, object=__cxa_throw]
declare function @std_terminate() -> void [unwind=no, return=noreturn, role=terminate, binding=strong, object=_ZSt9terminatev]
declare function @printf(%arg0 : ptr) -> i32 [arity=variadic, linkage=c, binding=strong]

global @__typeinfo_name__int [binding=weak, object=_ZTSi] = {
  i8 105
  i8 0
}
global @__rtti_int [binding=weak, object=_ZTIi] = {
  ptr addr @__external_rtti_vtable____fundamental_type_info + 16
  ptr addr @__typeinfo_name__int
}
global @__ehobj_int [binding=internal, object=@__ehobj_int] = {
  zero 4
}
global @alive : i32 [binding=strong] = zero
global @made : i32 [binding=strong] = zero
global @destroyed : i32 [binding=strong] = zero
global @selected : i32 [binding=strong] = zero
global @limit : i32 [binding=strong] = zero
global @attempts : i32 [binding=strong] = zero
global @__strlit__1 [storage=readonly, binding=internal] = {
  i8 37
  i8 100
  i8 44
  i8 0
}
global @__strlit__2 [storage=readonly, binding=internal] = {
  i8 58
  i8 37
  i8 100
  i8 58
  i8 37
  i8 100
  i8 58
  i8 37
  i8 100
  i8 58
  i8 37
  i8 100
  i8 58
  i8 37
  i8 100
  i8 58
  i8 37
  i8 100
  i8 10
  i8 0
}

function @cppgm_call_terminate(%exception_object : ptr) -> void [unwind=no, return=noreturn, binding=internal, no_inline=yes] {
  block ^entry:
    %t1 = call ptr @__external_runtime____cxa_begin_catch(%exception_object)
    call void @std_terminate()
    return void
}
function @record(%v : i32) -> void [binding=strong, object=_Z6recordi] {
  slot $v : i32

  block ^entry:
    store i32 %v, $v
    %t1 = addr @__strlit__1
    %t2 = load i32 $v
    %t3 = call i32 @printf(%t1, %t2)
    return void
}
function @checkpoint() -> void [binding=strong, object=_Z10checkpointv] {
  block ^entry:
    %t1 = load i32 @attempts
    %t2 = binary add i32 %t1, 1
    store i32 %t2, @attempts
    %t3 = load i32 @limit
    branch %t3, ^land_rhs_4, ^if_else_2

  block ^land_rhs_4:
    %t4 = load i32 @attempts
    %t5 = load i32 @limit
    %t6 = cmp eq i32 %t4, %t5
    branch %t6, ^if_then_1, ^if_else_2

  block ^if_then_1:
    %t7 = call ptr @__external_runtime____cxa_allocate_exception(4)
    %t8 = load i32 @limit
    store i32 %t8, %t7
    %t9 = addr @__external_rtti__int
    call void @__external_runtime____cxa_throw(%t7, %t9, 0)
    return void

  block ^if_else_2:
    jump ^if_end_3

  block ^if_end_3:
    return void
}
function @pick() -> i32 [binding=strong, object=_Z4pickv] {
  block ^entry:
    %t1 = load i32 @selected
    return i32 %t1
}
function @reset(%p : i32, %f : i32) -> void [binding=strong, object=_Z5resetii] {
  slot $p : i32
  slot $f : i32

  block ^entry:
    store i32 %p, $p
    store i32 %f, $f
    store i32 0, @attempts
    store i32 0, @destroyed
    store i32 0, @made
    store i32 0, @alive
    %t1 = load i32 $p
    store i32 %t1, @selected
    %t2 = load i32 $f
    store i32 %t2, @limit
    return void
}
function @print(%p : i32, %f : i32, %status : i32) -> void [binding=strong, object=_Z5printiii] {
  slot $p : i32
  slot $f : i32
  slot $status : i32

  block ^entry:
    store i32 %p, $p
    store i32 %f, $f
    store i32 %status, $status
    %t1 = addr @__strlit__2
    %t2 = load i32 $p
    %t3 = load i32 $f
    %t4 = load i32 $status
    %t5 = load i32 @alive
    %t6 = load i32 @made
    %t7 = load i32 @destroyed
    %t8 = call i32 @printf(%t1, %t2, %t3, %t4, %t5, %t6, %t7)
    return void
}
function @copy(%x : obj<16x8>) -> obj<16x8> [binding=strong, object=_Z4copySt16initializer_listI1SE] {
  slot $x : obj<16x8>
  slot $retobj__1 : obj<16x8>
  slot $retobj__2 : obj<16x8>

  block ^entry:
    %t1 = addr $x
    copyobj 16x8 %x, %t1
    %t2 = load i32 @alive
    %t3 = cmp ne i32 %t2, 3
    branch %t3, ^if_then_1, ^if_else_2

  block ^if_then_1:
    %t4 = call ptr @__external_runtime____cxa_allocate_exception(4)
    store i32 77, %t4
    %t5 = addr @__external_rtti__int
    call void @__external_runtime____cxa_throw(%t4, %t5, 0)
    zeroinit 16x8 $retobj__2
    return obj<16x8> $retobj__2

  block ^if_else_2:
    jump ^if_end_3

  block ^if_end_3:
    %t6 = addr $retobj__1
    %t7 = addr $x
    copyobj 16x8 %t7, %t6
    return obj<16x8> $retobj__1
}
function @borrow(%x : ptr [pass=by_address, object_bytes=16]) -> ptr [binding=strong, object=_Z6borrowRKSt16initializer_listI1SE] {
  slot $x : ptr

  block ^entry:
    store ptr %x, $x
    %t1 = load i32 @alive
    %t2 = cmp ne i32 %t1, 3
    branch %t2, ^if_then_1, ^if_else_2

  block ^if_then_1:
    %t3 = call ptr @__external_runtime____cxa_allocate_exception(4)
    store i32 77, %t3
    %t4 = addr @__external_rtti__int
    call void @__external_runtime____cxa_throw(%t3, %t4, 0)
    return ptr 0

  block ^if_else_2:
    jump ^if_end_3

  block ^if_end_3:
    %t5 = load ptr $x
    return ptr %t5
}
function @local() -> obj<16x8> [binding=strong, object=_Z5localv] {
  slot $x : obj<16x8>
  slot $initlist__1 : obj<8x4>
  slot $retobj__2 : obj<16x8>

  block ^entry:
    %t1 = addr $x
    %t2 = addr $initlist__1
    call void @S__S(%t2, 4)
    eh_try ^call_unwind_dispatch_1
    %t3 = index i8 [projection=array_element] %t2, 4
    call void @S__S(%t3, 5)
    eh_end
    jump ^call_unwind_end_2

  block ^call_unwind_dispatch_1:
    call void @S___S(%t2)
    resume

  block ^call_unwind_end_2:
    eh_try ^cleanup_action_4
    store ptr %t2, %t1
    %t4 = index i8 %t1, 8
    store i64 2, %t4
    eh_end
    jump ^call_unwind_end_5

  block ^cleanup_resume_3:
    resume

  block ^cleanup_action_4:
    call void @S___S(%t3)
    call void @S___S(%t2)
    jump ^cleanup_resume_3

  block ^call_unwind_end_5:
    %t5 = addr $retobj__2
    %t6 = addr $x
    copyobj 16x8 %t6, %t5
    call void @S___S(%t3)
    call void @S___S(%t2)
    return obj<16x8> $retobj__2
}
function @stop() -> void [binding=strong, object=_Z4stopv] {
  block ^entry:
    call void @checkpoint()
    return void
}
function @test() -> i32 [binding=strong, object=_Z4testv] {
  slot $earlier : obj<4x4>
  slot $xs : ptr
  slot $argobj__1 : obj<16x8>
  slot $initlist__2 : obj<8x4>
  slot $cleanup_return__3 : i32
  slot $tmpobj__4 : obj<16x8>

  block ^entry:
    %t1 = addr $earlier
    call void @S__S(%t1, 9)
    eh_try ^cleanup_action_2
    %t2 = addr $tmpobj__4
    %t3 = addr $argobj__1
    %t4 = addr $initlist__2
    call void @S__S(%t4, 1)
    eh_try ^call_unwind_dispatch_3
    %t5 = index i8 [projection=array_element] %t4, 4
    call void @S__S(%t5, 2)
    eh_end
    jump ^call_unwind_end_4

  block ^call_unwind_dispatch_3:
    call void @S___S(%t4)
    eh_end
    eh_end
    jump ^cleanup_action_2

  block ^call_unwind_end_4:
    eh_end
    jump ^call_unwind_end_5

  block ^cleanup_resume_1:
    resume

  block ^cleanup_action_2:
    %t6 = addr $earlier
    call void @S___S(%t6)
    jump ^cleanup_resume_1

  block ^call_unwind_end_5:
    eh_try ^cleanup_action_6
    store ptr %t4, %t3
    %t7 = index i8 %t3, 8
    store i64 2, %t7
    %t8 = call obj<16x8> @copy($argobj__1)
    copyobj 16x8 %t8, %t2
    eh_end
    jump ^call_unwind_end_7

  block ^cleanup_action_6:
    call void @S___S(%t5)
    call void @S___S(%t4)
    jump ^cleanup_action_2

  block ^call_unwind_end_7:
    eh_try ^cleanup_action_6
    store ptr %t2, $xs
    call void @S___S(%t5)
    call void @S___S(%t4)
    eh_end
    %t9 = load ptr $xs
    %t10 = load i32 @alive
    %t11 = cmp ne i32 %t10, 1
    branch %t11, ^if_then_8, ^if_else_9

  block ^if_then_8:
    store i32 2, $cleanup_return__3
    jump ^return_cleanup_action_12

  block ^return_cleanup_terminal_11:
    return i32 $cleanup_return__3

  block ^return_cleanup_action_12:
    %t12 = addr $earlier
    call void @S___S(%t12)
    jump ^return_cleanup_terminal_11

  block ^if_else_9:
    jump ^if_end_10

  block ^if_end_10:
    %t13 = load i32 @alive
    %t14 = cmp ne i32 %t13, 1
    branch %t14, ^if_then_13, ^if_else_14

  block ^if_then_13:
    store i32 3, $cleanup_return__3
    jump ^return_cleanup_action_12

  block ^if_else_14:
    jump ^if_end_15

  block ^if_end_15:
    store i32 0, $cleanup_return__3
    jump ^return_cleanup_action_12
}
function @main() -> i32 [role=entry, binding=strong, keep_alias=yes] {
  slot $p : i32
  slot $f : i32
  slot $status : i32
  slot $catch__1 : ptr
  slot $e : i32

  block ^entry:
    store i32 0, $p
    jump ^for_cond_1

  block ^for_cond_1:
    %t1 = load i32 $p
    %t2 = cmp lt i32 %t1, 2
    branch %t2, ^for_body_2, ^for_end_4

  block ^for_body_2:
    store i32 0, $f
    jump ^for_cond_5

  block ^for_cond_5:
    %t3 = load i32 $f
    %t4 = cmp lt i32 %t3, 7
    branch %t4, ^for_body_6, ^for_end_8

  block ^for_body_6:
    %t5 = load i32 $p
    %t6 = load i32 $f
    call void @reset(%t5, %t6)
    store i32 0, $status
    eh_try ^catch_dispatch_9
    %t7 = call i32 @test()
    store i32 %t7, $status
    eh_end
    jump ^try_end_11

  block ^catch_dispatch_9:
    eh_catch @__external_rtti__int, 1
    jump ^catch_entry_10

  block ^catch_entry_10:
    %t8 = exception ptr
    %t9 = exception_selector i32
    %t10 = cmp eq i32 %t9, 1
    branch %t10, ^catch_body_12, ^catch_next_13

  block ^catch_body_12:
    %t11 = call ptr @__external_runtime____cxa_begin_catch(%t8)
    store ptr %t11, $catch__1
    eh_cleanup ^catch_cleanup_14
    %t12 = load i32 %t11
    store i32 %t12, $e
    %t13 = load i32 $e
    %t14 = cmp eq i32 %t13, 77
    branch %t14, ^if_then_15, ^if_else_16

  block ^if_then_15:
    store i32 77, $status
    jump ^if_end_17

  block ^if_else_16:
    jump ^if_end_17

  block ^if_end_17:
    eh_end
    call void @__external_runtime____cxa_end_catch()
    jump ^try_end_11

  block ^catch_cleanup_14:
    call void @__external_runtime____cxa_end_catch()
    eh_end
    resume

  block ^catch_next_13:
    resume

  block ^try_end_11:
    %t15 = load i32 $p
    %t16 = load i32 $f
    %t17 = load i32 $status
    call void @print(%t15, %t16, %t17)
    %t18 = load i32 $status
    branch %t18, ^if_then_18, ^lor_rhs_22

  block ^lor_rhs_22:
    %t19 = load i32 @alive
    branch %t19, ^if_then_18, ^lor_rhs_21

  block ^lor_rhs_21:
    %t20 = load i32 @made
    %t21 = load i32 @destroyed
    %t22 = cmp ne i32 %t20, %t21
    branch %t22, ^if_then_18, ^if_else_19

  block ^if_then_18:
    return i32 1

  block ^if_else_19:
    jump ^if_end_20

  block ^if_end_20:
    jump ^for_iter_7

  block ^for_iter_7:
    %t23 = load i32 $f
    %t24 = binary add i32 %t23, 1
    store i32 %t24, $f
    jump ^for_cond_5

  block ^for_end_8:
    jump ^for_iter_3

  block ^for_iter_3:
    %t25 = load i32 $p
    %t26 = binary add i32 %t25, 1
    store i32 %t26, $p
    jump ^for_cond_1

  block ^for_end_4:
    return i32 0
}
function @S__S(%this : ptr [object_bytes=4], %v : i32) -> void [binding=weak, object=_ZN1SC1Ei, inline_hint=yes] {
  slot $this : ptr
  slot $v : i32

  block ^entry:
    store ptr %this, $this
    store i32 %v, $v
    %t1 = load i32 $v
    %t2 = load ptr $this
    %t3 = index i8 [projection=field] %t2, 0
    store i32 %t1, %t3
    call void @checkpoint()
    %t4 = load i32 @alive
    %t5 = binary add i32 %t4, 1
    store i32 %t5, @alive
    %t6 = load i32 @made
    %t7 = binary add i32 %t6, 1
    store i32 %t7, @made
    %t8 = load i32 $v
    call void @record(%t8)
    return void
}
function @S___S(%this : ptr [object_bytes=4]) -> void [unwind=no, binding=weak, object=_ZN1SD1Ev, inline_hint=yes] {
  slot $this : ptr
  slot $function_exception__1 : ptr

  block ^entry:
    eh_try ^function_exception_landing_1
    store ptr %this, $this
    %t1 = load i32 @alive
    %t2 = binary sub i32 %t1, 1
    store i32 %t2, @alive
    %t3 = load i32 @destroyed
    %t4 = binary add i32 %t3, 1
    store i32 %t4, @destroyed
    %t5 = load ptr $this
    %t6 = index i8 [projection=field] %t5, 0
    %t7 = load i32 %t6
    %t8 = unary neg i32 %t7
    call void @record(%t8)
    eh_end
    return void

  block ^function_exception_landing_1:
    eh_catch_all, 1
    %t9 = exception ptr
    store ptr %t9, $function_exception__1
    jump ^function_exception_action_2

  block ^function_exception_action_2:
    %t10 = load ptr $function_exception__1
    call void @cppgm_call_terminate(%t10)
    return void
}
alias object _ZN1SC2Ei = @S__S
alias object _ZN1SD2Ev = @S___S
