function @main() -> i64 {
  slot $p__1 : i64
  slot $p__0 : i64
  slot $h__0 : i64

  block ^entry:
    %t1 = addr $p__0
    %t2 = binary shl i64 0, 32
    %t3 = binary shr i64 %t2, 32
    %t4 = binary shl i64 0, 32
    %t5 = binary shr i64 %t4, 32
    call void @P__P__ov2(%t1, %t3, %t5)
    %t6 = addr $h__0
    call void @H_P___H(%t6)
    %t7 = addr $h__0
    %t8 = addr $p__0
    %t9 = call i64 @H_P___f(%t7, %t8)
    %t10 = addr $h__0
    call void @H_P____H(%t10)
    %t11 = addr $p__0
    call void @P___P(%t11)
    return i64 %t9
}
function @H_P___f(%this : ptr, %v : ptr) -> i64 {
  slot $this : ptr
  slot $v__1 : i64
  slot $v__0 : i64
  slot $__u__1 : i64
  slot $__u__0 : i64

  block ^entry:
    store ptr %this, $this
    %t1 = addr $v__0
    copyobj 16 %t1, %v
    %t2 = addr $__u__0
    call void @H_P_______local_type1____local_type1(%t2)
    %t3 = addr $__u__0
    %t4 = addr $v__0
    %t5 = call ptr @P__operator_(%t3, %t4)
    %t6 = addr $__u__0
    call void @H_P_______local_type1_____local_type1(%t6)
    %t7 = addr $v__0
    call void @P___P(%t7)
    return i64 0
}
function @H_P___H(%this : ptr) -> void {
  slot $this : ptr

  block ^entry:
    store ptr %this, $this
    return void
}
function @H_P____H(%this : ptr) -> void {
  slot $this : ptr

  block ^entry:
    store ptr %this, $this
    return void
}
function @H_P_______local_type1____local_type1(%this : ptr) -> void {
  slot $this : ptr

  block ^entry:
    store ptr %this, $this
    %t1 = load ptr $this
    store i64 0, %t1
    %t2 = load ptr $this
    %t3 = index i8 %t2, 8
    store i64 0, %t3
    return void
}
function @H_P_______local_type1_____local_type1(%this : ptr) -> void {
  slot $this : ptr

  block ^entry:
    store ptr %this, $this
    return void
}
function @P__P__ov2(%this : ptr, %a : i64, %b : i64) -> void {
  slot $this : ptr
  slot $a : i64
  slot $b : i64

  block ^entry:
    store ptr %this, $this
    store i64 %a, $a
    store i64 %b, $b
    %t1 = load i64 $a
    %t2 = load ptr $this
    store i64 %t1, %t2
    %t3 = load i64 $b
    %t4 = load ptr $this
    %t5 = index i8 %t4, 8
    store i64 %t3, %t5
    return void
}
function @P__operator_(%this : ptr, %other : ptr) -> ptr {
  slot $this : ptr
  slot $other : ptr

  block ^entry:
    store ptr %this, $this
    store ptr %other, $other
    %t1 = load ptr $other
    %t2 = load i64 %t1
    %t3 = load ptr $this
    store i64 %t2, %t3
    %t4 = load ptr $other
    %t5 = index i8 %t4, 8
    %t6 = load i64 %t5
    %t7 = load ptr $this
    %t8 = index i8 %t7, 8
    store i64 %t6, %t8
    %t9 = load ptr $this
    return ptr %t9
}
function @P___P(%this : ptr) -> void {
  slot $this : ptr

  block ^entry:
    store ptr %this, $this
    return void
}
