function @main() -> i64 {
  slot $box__1 : i64
  slot $box__0 : i64

  block ^entry:
    %t1 = addr $box__0
    call void @Box_int___Box(%t1)
    %t2 = addr $box__0
    %t3 = index i32 %t2, 0
    store i32 7, %t3
    %t4 = addr $box__0
    %t5 = index i32 %t4, 0
    %t6 = load i32 %t5
    %t7 = addr $box__0
    call void @Box_int____Box(%t7)
    return i64 %t6
}
function @Box_int___Box(%this : ptr) -> void {
  slot $this : ptr

  block ^entry:
    store ptr %this, $this
    return void
}
function @Box_int____Box(%this : ptr) -> void {
  slot $this : ptr

  block ^entry:
    store ptr %this, $this
    return void
}
