global @x = {
  zero 1
}

function @main() -> i64 {
  block ^entry:
    return i64 0
}
function @duration_long_long_int__ratio_1__1000000000____duration(%this : ptr) -> void {
  slot $this : ptr

  block ^entry:
    store ptr %this, $this
    return void
}
function @duration_long_long_int__ratio_1__1000000000_____duration(%this : ptr) -> void {
  slot $this : ptr

  block ^entry:
    store ptr %this, $this
    return void
}
function @__cppgm_init() -> void {
  block ^entry:
    %t1 = addr @x
    call void @duration_long_long_int__ratio_1__1000000000____duration(%t1)
    return void
}
function @__cppgm_fini() -> void {
  block ^entry:
    %t1 = addr @x
    call void @duration_long_long_int__ratio_1__1000000000_____duration(%t1)
    return void
}
