function @main() -> i64 {
  slot $src_buf__1 : u8
  slot $src_buf__0 : u8
  slot $dst_buf__1 : u8
  slot $dst_buf__0 : u8
  slot $src : ptr
  slot $dst : ptr
  slot $tmpobj__2 : i64
  slot $tmpobj__1 : i64

  block ^entry:
    store u8 97, $src_buf__0
    store u8 98, $src_buf__1
    store u8 0, $dst_buf__0
    store u8 0, $dst_buf__1
    %t1 = addr $src_buf__0
    store ptr %t1, $src
    %t2 = addr $dst_buf__0
    store ptr %t2, $dst
    %t3 = addr $tmpobj__1
    %t4 = load ptr $src
    %t5 = load ptr $dst
    call void @helper(%t3, %t4, 2, %t5)
    %t6 = index i8 %t3, 8
    %t7 = load ptr %t6
    %t8 = load ptr $dst
    %t9 = binary sub ptr %t7, %t8
    return i64 %t9
}
function @helper(%ret : ptr, %first : ptr, %n : i64, %result : ptr) -> void {
  slot $first : ptr
  slot $n : i64
  slot $result : ptr
  slot $p__1 : i64
  slot $p__0 : i64

  block ^entry:
    store ptr %first, $first
    store i64 %n, $n
    store ptr %result, $result
    %t1 = addr $p__0
    %t2 = load ptr $first
    %t3 = load ptr $result
    call void @Pair_char____char_____Pair__ov2(%t1, %t2, %t3)
    %t4 = addr $p__0
    copyobj 16 %ret, %t4
    %t5 = addr $p__0
    call void @Pair_char____char______Pair(%t5)
    return void
}
function @Pair_char____char_____Pair__ov2(%this : ptr, %first : ptr, %second : ptr) -> void {
  slot $this : ptr
  slot $first : ptr
  slot $second : ptr

  block ^entry:
    store ptr %this, $this
    store ptr %first, $first
    store ptr %second, $second
    %t1 = load ptr $first
    %t2 = load ptr $this
    store ptr %t1, %t2
    %t3 = load ptr $second
    %t4 = load ptr $this
    %t5 = index i8 %t4, 8
    store ptr %t3, %t5
    return void
}
function @Pair_char____char______Pair(%this : ptr) -> void {
  slot $this : ptr

  block ^entry:
    store ptr %this, $this
    return void
}
