function @main() -> i64 {
  slot $values__7 : i32
  slot $values__6 : i32
  slot $values__5 : i32
  slot $values__4 : i32
  slot $values__3 : i32
  slot $values__2 : i32
  slot $values__1 : i32
  slot $values__0 : i32
  slot $b__0 : i64
  slot $tmpobj__1 : i64

  block ^entry:
    store i32 0, $values__0
    store i32 0, $values__1
    store i32 0, $values__2
    store i32 0, $values__3
    store i32 0, $values__4
    store i32 0, $values__5
    store i32 0, $values__6
    store i32 0, $values__7
    %t1 = addr $b__0
    %t2 = addr $values__0
    call void @Box_int___Box(%t1, %t2)
    %t3 = addr $tmpobj__1
    %t4 = addr $b__0
    %t5 = binary shl i64 4, 32
    %t6 = binary shr i64 %t5, 32
    call void @Box_int___operator_(%t3, %t4, %t6)
    %t7 = load ptr %t3
    %t8 = addr $values__0
    %t9 = binary sub ptr %t7, %t8
    %t10 = binary div i64 %t9, 4
    %t11 = binary shl i64 4, 32
    %t12 = binary shr i64 %t11, 32
    %t13 = binary sub i64 %t10, %t12
    %t14 = addr $b__0
    call void @Box_int____Box(%t14)
    return i64 %t13
}
function @Box_int___Box(%this : ptr, %x : ptr) -> void {
  slot $this : ptr
  slot $x : ptr

  block ^entry:
    store ptr %this, $this
    store ptr %x, $x
    %t1 = load ptr $x
    %t2 = load ptr $this
    store ptr %t1, %t2
    return void
}
function @Box_int___operator_(%ret : ptr, %this : ptr, %n : i64) -> void {
  slot $this : ptr
  slot $n : i64
  slot $w__0 : i64

  block ^entry:
    store ptr %this, $this
    store i64 %n, $n
    %t1 = addr $w__0
    %t2 = load ptr $this
    call void @Box_int___Box__ov2(%t1, %t2)
    %t3 = addr $w__0
    %t4 = load i64 $n
    %t5 = call ptr @Box_int___operator__(%t3, %t4)
    %t6 = addr $w__0
    call void @Box_int___Box__ov2(%ret, %t6)
    %t7 = addr $w__0
    call void @Box_int____Box(%t7)
    return void
}
function @Box_int___operator__(%this : ptr, %n : i64) -> ptr {
  slot $this : ptr
  slot $n : i64

  block ^entry:
    store ptr %this, $this
    store i64 %n, $n
    %t1 = load ptr $this
    %t2 = load ptr %t1
    %t3 = load i64 $n
    %t4 = binary mul i64 %t3, 4
    %t5 = index i8 %t2, %t4
    %t6 = load ptr $this
    store ptr %t5, %t6
    %t7 = load ptr $this
    return ptr %t7
}
function @Box_int____Box(%this : ptr) -> void {
  slot $this : ptr

  block ^entry:
    store ptr %this, $this
    return void
}
function @Box_int___Box__ov2(%this : ptr, %__param1 : ptr) -> void {
  slot $this : ptr
  slot $__param1 : ptr

  block ^entry:
    store ptr %this, $this
    store ptr %__param1, $__param1
    %t1 = load ptr $__param1
    %t2 = load ptr %t1
    %t3 = load ptr $this
    store ptr %t2, %t3
    return void
}
