function @main() -> i64 {
  slot $x : i32
  slot $y : i32
  slot $c__0 : i64

  block ^entry:
    store i32 0, $x
    store i32 1, $y
    %t1 = addr $c__0
    call void @C__C(%t1)
    %t2 = addr $c__0
    %t3 = addr $x
    %t4 = addr $y
    %t5 = call i64 @C__g(%t2, %t3, %t4)
    %t6 = binary sub i64 %t5, 3
    %t7 = addr $c__0
    call void @C___C(%t7)
    return i64 %t6
}
function @C__C(%this : ptr) -> void {
  slot $this : ptr

  block ^entry:
    store ptr %this, $this
    %t1 = load ptr $this
    store i32 2, %t1
    return void
}
function @C__g(%this : ptr, %target : ptr, %name : ptr) -> i64 {
  slot $this : ptr
  slot $target : ptr
  slot $name : ptr
  slot $arg__1 : i64

  block ^entry:
    store ptr %this, $this
    store ptr %target, $target
    store ptr %name, $name
    %t1 = load ptr $this
    %t2 = load ptr $target
    %t3 = load ptr $name
    %t4 = addr $arg__1
    %t5 = load ptr $this
    store ptr %t5, %t4
    %t6 = call i64 @C__lookup(%t1, %t2, %t3, %t4)
    return i64 %t6
}
function @C__lookup(%this : ptr, %target : ptr, %name : ptr, %f : ptr) -> i64 {
  slot $this : ptr
  slot $target : ptr
  slot $name : ptr
  slot $f : ptr

  block ^entry:
    store ptr %this, $this
    store ptr %target, $target
    store ptr %name, $name
    store ptr %f, $f
    %t1 = load ptr $f
    %t2 = load ptr $target
    %t3 = load ptr $name
    %t4 = call i64 @C______lambda_C__g_t77_88__operator__(%t1, %t2, %t3)
    return i64 %t4
}
function @C___C(%this : ptr) -> void {
  slot $this : ptr

  block ^entry:
    store ptr %this, $this
    return void
}
function @C______lambda_C__g_t77_88__operator__(%this : ptr, %__param1 : ptr, %x : ptr) -> i64 {
  slot $this : ptr
  slot $__param1 : ptr
  slot $x : ptr

  block ^entry:
    store ptr %this, $this
    store ptr %__param1, $__param1
    store ptr %x, $x
    %t1 = load ptr $this
    %t2 = load ptr %t1
    %t3 = load i32 %t2
    %t4 = load ptr $x
    %t5 = load i32 %t4
    %t6 = binary add i64 %t3, %t5
    return i64 %t6
}
