function @g() -> i32 [binding=strong, object=_Z1gv] {
  block ^entry:
    %t1 = call i32 @Box_int___f()
    %t2 = call i32 @Box_int___f__ov2()
    %t3 = binary add i32 %t1, %t2
    return i32 %t3
}
function @Box_int___f() -> i32 [binding=weak, object=_ZN3BoxIiE1fIcEEiv] {
  block ^entry:
    %t1 = const i64 1
    %t2 = convert trunc i32 i64 %t1
    return i32 %t2
}
function @Box_int___f__ov2() -> i32 [binding=weak, object=_ZN3BoxIiE1fIlEEiv] {
  block ^entry:
    %t1 = const i64 8
    %t2 = convert trunc i32 i64 %t1
    return i32 %t2
}
