function @main() -> i32 [role=entry, binding=strong, keep_alias=yes] {
  slot $e : obj<4x4>
  slot $cond__1 : i32

  block ^entry:
    %t1 = addr $e
    %t2 = addr $e
    %t3 = index i8 [projection=field] %t2, 0
    store u32 3, %t3
    %t4 = addr $e
    %t5 = call u32 @engine_unsigned_int__1__0__2___run(%t4)
    %t6 = cmp eq u32 %t5, 2
    branch %t6, ^cond_then_1, ^cond_else_2

  block ^cond_then_1:
    store i32 0, $cond__1
    jump ^cond_end_3

  block ^cond_else_2:
    store i32 1, $cond__1
    jump ^cond_end_3

  block ^cond_end_3:
    %t7 = load i32 $cond__1
    return i32 %t7
}
function @engine_unsigned_int__1__0__2___run(%this : ptr) -> u32 [binding=weak, object=_ZN6engineIjLj1ELj0ELj2EE3runEv] {
  slot $this : ptr

  block ^entry:
    store ptr %this, $this
    %t1 = load ptr $this
    %t2 = index i8 [projection=field] %t1, 0
    %t3 = load u32 %t2
    %t4 = convert zext i64 u32 %t3
    %t5 = call i64 @helper_1__0__2__4294967295___next(%t4)
    %t6 = convert trunc u32 i64 %t5
    return u32 %t6
}
function @helper_1__0__2__4294967295___next(%x : i64) -> i64 [binding=weak, object=_ZN6helperILy1ELy0ELy2ELy4294967295EE4nextEy] {
  slot $x : i64

  block ^entry:
    store i64 %x, $x
    %t1 = load i64 $x
    %t2 = binary add i64 %t1, 4294967295
    return i64 %t2
}
