function @main() -> i32 [role=entry, binding=strong, keep_alias=yes] {
  slot $h : obj<1x1>
  slot $p : ptr
  slot $v : i64
  slot $cond__1 : i32
  slot $cond__2 : i32

  block ^entry:
    %t1 = addr $h
    store ptr 0, $p
    %t2 = addr $h
    %t3 = load ptr $p
    %t4 = call i64 @std__hash_X_____operator__(%t2, %t3)
    store i64 %t4, $v
    branch 0, ^cond_then_1, ^cond_else_2

  block ^cond_then_1:
    store i32 1, $cond__1
    jump ^cond_end_3

  block ^cond_else_2:
    %t5 = load i64 $v
    %t6 = convert sext i64 i32 0
    %t7 = cmp eq i64 %t5, %t6
    branch %t7, ^cond_then_4, ^cond_else_5

  block ^cond_then_4:
    store i32 0, $cond__2
    jump ^cond_end_6

  block ^cond_else_5:
    store i32 2, $cond__2
    jump ^cond_end_6

  block ^cond_end_6:
    %t8 = load i32 $cond__2
    store i32 %t8, $cond__1
    jump ^cond_end_3

  block ^cond_end_3:
    %t9 = load i32 $cond__1
    return i32 %t9
}
function @std__hash_X_____operator__(%this : ptr, %__param1 : ptr) -> i64 [unwind=no, binding=weak, object=_ZNKSt4hashIP1XEclES1_] {
  slot $this : ptr
  slot $__param1 : ptr

  block ^entry:
    store ptr %this, $this
    store ptr %__param1, $__param1
    %t1 = convert sext i64 i32 0
    return i64 %t1
}
