start:
	move64 bp sp;
	call fn__main;
	syscall1 t64 60 x64;

fn__main:
	isub64 sp sp 8;
	move64 [sp] bp;
	move64 bp sp;
	isub64 sp sp 120;
fn__main__entry:
	move64 x64 g__g;
	move64 [bp-16] x64;
	move64 x64 5;
	move64 [bp-24] x64;
	move64 x64 [bp-24];
	move64 [bp-8] x64;
	isub64 x64 bp 8;
	move64 [bp-32] x64;
	move64 x64 9;
	move64 [bp-40] x64;
	move64 y64 [bp-16];
	move64 z64 [bp-32];
	move64 t64 [y64];
	move64 x64 [z64];
	ieq64 x8 t64 x64;
	jumpif x8 __atomic_cmpxchg_success__0;
	move64 [z64] t64;
	move64 x64 0;
	move64 [bp-48] x64;
	jump __atomic_cmpxchg_end__1;
__atomic_cmpxchg_success__0:
	move64 x64 [bp-40];
	move64 [y64] x64;
	move64 x64 1;
	move64 [bp-48] x64;
__atomic_cmpxchg_end__1:
	move64 y64 [bp-16];
	move64 x64 [y64];
	move64 [bp-56] x64;
	move64 x64 [bp-8];
	move64 [bp-64] x64;
	move64 x64 0;
	move64 [bp-72] x64;
	move64 x64 7;
	move64 [bp-80] x64;
	move64 y64 [bp-48];
	move64 x64 [bp-72];
	ieq64 z8 y64 x64;
	move64 x64 0;
	move8 x8 z8;
	move64 [bp-88] x64;
	move64 y64 [bp-56];
	move64 x64 [bp-80];
	ieq64 z8 y64 x64;
	move64 x64 0;
	move8 x8 z8;
	move64 [bp-96] x64;
	move64 y64 [bp-64];
	move64 x64 [bp-80];
	ieq64 z8 y64 x64;
	move64 x64 0;
	move8 x8 z8;
	move64 [bp-104] x64;
	move64 y64 [bp-88];
	move64 x64 [bp-96];
	and64 x64 y64 x64;
	move64 [bp-112] x64;
	move64 y64 [bp-112];
	move64 x64 [bp-104];
	and64 x64 y64 x64;
	move64 [bp-120] x64;
	move64 x64 [bp-120];
	jump fn__main__epilogue;
fn__main__epilogue:
	move64 sp bp;
	move64 bp [sp];
	iadd64 sp sp 8;
	ret;

g__g:
	data64 7;
