global @__cppgm_class_template_identity_0_0_0__n : i32 [binding=weak, object=_ZN1XIiE1nE] = 7
global @__cppgm_class_template_identity_0_1_0__n : i32 [binding=weak, object=_ZN1XIcE1nE] = 3

function @main() -> i32 [role=entry, binding=strong, keep_alias=yes] {
  slot $lor__1 : i64

  block ^entry:
    %t1 = load i32 @__cppgm_class_template_identity_0_1_0__n
    %t2 = cmp ne i32 %t1, 3
    branch %t2, ^lor_short_2, ^lor_rhs_1

  block ^lor_rhs_1:
    %t3 = load i32 @__cppgm_class_template_identity_0_0_0__n
    %t4 = cmp ne i32 %t3, 7
    %t5 = cmp ne i64 %t4, 0
    store i64 %t5, $lor__1
    jump ^lor_end_3

  block ^lor_short_2:
    store i64 1, $lor__1
    jump ^lor_end_3

  block ^lor_end_3:
    %t6 = load i64 $lor__1
    %t7 = convert trunc i32 i64 %t6
    return i32 %t7
}
