template_kernel_output_v1

query 1 bind_defaults class Box<int>
status ok
resolved class Box<int, int>
bind T = int
bind Tag = int
default Tag = int

query 2 select_class Box<int>
status ok
selected explicit_class int_int
resolved class Box<int, int>
bind T = int
bind Tag = int
default Tag = int

query 3 select_class Box<char>
status ok
selected partial_class same
resolved class Box<char, char>
bind T = char
bind Tag = char
default Tag = char
specialize U = char
