template_kernel_output_v1

query 1 bind_defaults alias PtrOr<>
status ok
resolved alias PtrOr<int>
bind T = int
default T = int

query 2 expand_alias PtrOr<>
status ok
resolved alias PtrOr<int>
bind T = int
default T = int
expanded type int*

query 3 expand_alias PtrOr<char>
status ok
resolved alias PtrOr<char>
bind T = char
expanded type char*
