function @main() -> i32 [role=entry, binding=strong, keep_alias=yes] {
  slot $made : obj<1x1>

  block ^entry:
    %t1 = addr $made
    %t2 = addr $made
    return i32 0
}
function @storage_char___analyze__ov2(%this : ptr, %__param1 : i8) -> ptr [binding=weak, object=_ZN7storageIcE7analyzeEc, object_root=yes] {
  slot $this : ptr
  slot $__param1 : i8

  block ^entry:
    store ptr %this, $this
    store i8 %__param1, $__param1
    return ptr 0
}
