global @destructions : i32 [binding=strong, object=_Z12destructions] = zero

function @main() -> i32 [role=entry, binding=strong, keep_alias=yes] {
  slot $range : obj<8x4>
  slot $sum : i32
  slot $__begin1 : obj<8x8>
  slot $__end2 : obj<8x8>
  slot $value : i32
  slot $discard__1 : obj<1x1>
  slot $cond__2 : i32
  slot $land__3 : i64

  block ^entry:
    %t1 = addr $range
    %t2 = addr $range
    %t3 = index i8 [projection=field] %t2, 0
    %t4 = index i32 [projection=array_element] %t3, 0
    store i32 4, %t4
    %t5 = addr $range
    %t6 = index i8 [projection=field] %t5, 0
    %t7 = index i32 [projection=array_element] %t6, 1
    store i32 5, %t7
    store i32 0, $sum
    %t8 = addr $__begin1
    %t9 = addr $range
    %t10 = call obj<8x8> @Range__begin(%t9)
    copyobj 8x8 %t10, %t8
    %t11 = addr $__end2
    %t12 = addr $range
    %t13 = call obj<8x8> @Range__end(%t12)
    copyobj 8x8 %t13, %t11
    jump ^for_cond_1

  block ^for_cond_1:
    %t14 = addr $__begin1
    %t15 = addr $__end2
    %t16 = call u8 @Iterator__operator__(%t14, %t15)
    branch %t16, ^for_body_2, ^for_end_4

  block ^for_body_2:
    %t17 = addr $__begin1
    %t18 = call ptr @Iterator__operator_(%t17)
    %t19 = load i32 %t18
    store i32 %t19, $value
    %t20 = load i32 $sum
    %t21 = load i32 $value
    %t22 = binary add i32 %t20, %t21
    store i32 %t22, $sum
    jump ^for_iter_3

  block ^for_iter_3:
    eh_try ^cleanup_resume_5
    %t23 = addr $discard__1
    %t24 = addr $__begin1
    call void @Iterator__operator____sym2(%t23, %t24)
    eh_end
    jump ^call_unwind_end_6

  block ^cleanup_resume_5:
    resume

  block ^call_unwind_end_6:
    eh_try ^cleanup_action_7
    call void @Step___Step(%t23)
    eh_end
    jump ^call_unwind_end_8

  block ^cleanup_action_7:
    call void @Step___Step(%t23)
    jump ^cleanup_resume_5

  block ^call_unwind_end_8:
    jump ^for_cond_1

  block ^for_end_4:
    %t25 = load i32 @destructions
    %t26 = cmp eq i32 %t25, 2
    branch %t26, ^land_rhs_12, ^land_short_13

  block ^land_rhs_12:
    %t27 = load i32 $sum
    %t28 = cmp eq i32 %t27, 9
    %t29 = cmp ne i64 %t28, 0
    store i64 %t29, $land__3
    jump ^land_end_14

  block ^land_short_13:
    store i64 0, $land__3
    jump ^land_end_14

  block ^land_end_14:
    %t30 = load i64 $land__3
    branch %t30, ^cond_then_9, ^cond_else_10

  block ^cond_then_9:
    store i32 0, $cond__2
    jump ^cond_end_11

  block ^cond_else_10:
    store i32 1, $cond__2
    jump ^cond_end_11

  block ^cond_end_11:
    %t31 = load i32 $cond__2
    return i32 %t31
}
function @Range__begin(%this : ptr [object_bytes=8]) -> obj<8x8> [binding=weak, object=_ZN5Range5beginEv, inline_hint=yes] {
  slot $this : ptr
  slot $retobj__1 : obj<8x8>

  block ^entry:
    store ptr %this, $this
    %t1 = addr $retobj__1
    %t2 = load ptr $this
    %t3 = index i8 [projection=field] %t2, 0
    call void @Iterator__Iterator__aggregate(%t1, %t3)
    return obj<8x8> $retobj__1
}
function @Range__end(%this : ptr [object_bytes=8]) -> obj<8x8> [binding=weak, object=_ZN5Range3endEv, inline_hint=yes] {
  slot $this : ptr
  slot $retobj__1 : obj<8x8>

  block ^entry:
    store ptr %this, $this
    %t1 = addr $retobj__1
    %t2 = load ptr $this
    %t3 = index i8 [projection=field] %t2, 0
    %t4 = binary mul i64 2, 4
    %t5 = index i8 %t3, %t4
    call void @Iterator__Iterator__aggregate(%t1, %t5)
    return obj<8x8> $retobj__1
}
function @Iterator__operator__(%this : ptr [object_bytes=8], %other : ptr [pass=by_address, object_bytes=8]) -> u8 [binding=weak, object=_ZNK8IteratorneERKS_, inline_hint=yes] {
  slot $this : ptr
  slot $other : ptr

  block ^entry:
    store ptr %this, $this
    store ptr %other, $other
    %t1 = load ptr $this
    %t2 = index i8 [projection=field] %t1, 0
    %t3 = load ptr %t2
    %t4 = load ptr $other
    %t5 = index i8 [projection=field] %t4, 0
    %t6 = load ptr %t5
    %t7 = cmp ne ptr %t3, %t6
    %t8 = convert trunc u8 i64 %t7
    return u8 %t8
}
function @Iterator__operator_(%this : ptr [object_bytes=8]) -> ptr [binding=weak, object=_ZNK8IteratordeEv, inline_hint=yes] {
  slot $this : ptr

  block ^entry:
    store ptr %this, $this
    %t1 = load ptr $this
    %t2 = index i8 [projection=field] %t1, 0
    %t3 = load ptr %t2
    return ptr %t3
}
function @Iterator__operator____sym2(%ret : ptr [pass=indirect_result, object_bytes=1], %this : ptr [object_bytes=8]) -> void [binding=weak, object=_ZN8IteratorppEv, inline_hint=yes] {
  slot $this : ptr

  block ^entry:
    store ptr %this, $this
    %t1 = load ptr $this
    %t2 = index i8 [projection=field] %t1, 0
    %t3 = load ptr %t2
    %t4 = binary mul i64 1, 4
    %t5 = index i8 %t3, %t4
    store ptr %t5, %t2
    call void @Step__Step(%ret)
    return void
}
function @Step___Step(%this : ptr [object_bytes=1]) -> void [unwind=no, binding=weak, object=_ZN4StepD1Ev, inline_hint=yes] {
  slot $this : ptr

  block ^entry:
    store ptr %this, $this
    %t1 = load i32 @destructions
    %t2 = binary add i32 %t1, 1
    store i32 %t2, @destructions
    return void
}
function @Step__Step(%this : ptr [object_bytes=1]) -> void [binding=weak, object=_ZN4StepC1Ev, inline_hint=yes] {
  slot $this : ptr

  block ^entry:
    store ptr %this, $this
    return void
}
function @Iterator__Iterator__aggregate(%this : ptr, %current : ptr) -> void [unwind=no, binding=internal] {
  slot $this : ptr
  slot $current : ptr

  block ^entry:
    store ptr %this, $this
    store ptr %current, $current
    %t1 = load ptr $current
    %t2 = load ptr $this
    %t3 = index i8 [projection=field] %t2, 0
    store ptr %t1, %t3
    return void
}
alias object _ZN4StepD2Ev = @Step___Step
alias object _ZN4StepC2Ev = @Step__Step
