function @main() -> i32 [role=entry, binding=strong, keep_alias=yes] {
  slot $d : obj<12x4>
  slot $got : i32
  slot $cond__1 : i32
  slot $land__2 : i64

  block ^entry:
    %t1 = addr $d
    %t2 = addr $d
    %t3 = index i8 [projection=base_subobject] %t2, 4
    %t4 = index i8 [projection=field] %t3, 0
    store i32 0, %t4
    %t5 = addr $d
    %t6 = index i8 [projection=base_subobject] %t5, 4
    %t7 = call i32 @select(%t6)
    store i32 %t7, $got
    %t8 = load i32 $got
    %t9 = const i64 4
    %t10 = convert sext i64 i32 %t8
    %t11 = cmp eq i64 %t10, %t9
    branch %t11, ^land_rhs_4, ^land_short_5

  block ^land_rhs_4:
    %t12 = addr $d
    %t13 = index i8 [projection=base_subobject] %t12, 4
    %t14 = index i8 [projection=field] %t13, 0
    %t15 = load i32 %t14
    %t16 = const i64 4
    %t17 = convert sext i64 i32 %t15
    %t18 = cmp eq i64 %t17, %t16
    %t19 = cmp ne i64 %t18, 0
    store i64 %t19, $land__2
    jump ^land_end_6

  block ^land_short_5:
    store i64 0, $land__2
    jump ^land_end_6

  block ^land_end_6:
    %t20 = load i64 $land__2
    branch %t20, ^cond_then_1, ^cond_else_2

  block ^cond_then_1:
    store i32 0, $cond__1
    jump ^cond_end_3

  block ^cond_else_2:
    store i32 1, $cond__1
    jump ^cond_end_3

  block ^cond_end_3:
    %t21 = load i32 $cond__1
    return i32 %t21
}
function @select(%target : ptr [pass=reference]) -> i32 [binding=weak, object=_Z6selectIiEiR6TargetIT_E] {
  slot $target : ptr

  block ^entry:
    store ptr %target, $target
    %t1 = const i64 4
    %t2 = convert trunc i32 i64 %t1
    %t3 = load ptr $target
    %t4 = index i8 [projection=field] %t3, 0
    store i32 %t2, %t4
    %t5 = load ptr $target
    %t6 = index i8 [projection=field] %t5, 0
    %t7 = load i32 %t6
    return i32 %t7
}
