function @main() -> i32 [role=entry, binding=strong, keep_alias=yes] {
  slot $fn : obj<1x1>

  block ^entry:
    %t1 = addr $fn
    %t2 = addr $fn
    %t3 = call i32 @__lambda_main_t22_24__operator__(%t2)
    return i32 %t3
}
function @__lambda_main_t22_24__operator__(%this : ptr) -> i32 [binding=weak, object=_ZZ4mainENK3$_0clEv] {
  slot $this : ptr
  slot $candidate : obj<1x1>

  block ^entry:
    store ptr %this, $this
    %t1 = addr $candidate
    return i32 0
}
