global @__strlit__1 = {
  i8 120
  i8 0
}

function @main() -> i64 {
  slot $root__0 : i64
  slot $q__2 : i64
  slot $q__1 : i64
  slot $q__0 : i64
  slot $a__0 : i64
  slot $discard__1 : i64
  slot $discard__2 : i64

  block ^entry:
    %t1 = addr $root__0
    call void @Scope__Scope__ov3(%t1, 0)
    %t2 = addr $q__0
    call void @QualifiedName__QualifiedName(%t2)
    %t3 = addr $q__0
    store u8 1, %t3
    %t4 = addr @__strlit__1
    %t5 = addr $q__0
    %t6 = index i8 %t5, 8
    store ptr %t4, %t6
    %t7 = addr $q__0
    %t8 = index i8 %t7, 16
    store ptr 0, %t8
    %t9 = addr $a__0
    call void @Analyzer__Analyzer(%t9)
    %t10 = addr $root__0
    %t11 = addr $a__0
    store ptr %t10, %t11
    %t12 = addr $discard__1
    %t13 = addr $a__0
    %t14 = addr $root__0
    %t15 = addr $q__0
    call void @Analyzer__lookup_a(%t12, %t13, %t14, %t15)
    call void @Vec_A______Vec(%t12)
    %t16 = addr $discard__2
    %t17 = addr $a__0
    %t18 = addr $root__0
    %t19 = addr $q__0
    call void @Analyzer__lookup_b(%t16, %t17, %t18, %t19)
    call void @Vec_B______Vec(%t16)
    %t20 = addr $a__0
    call void @Analyzer___Analyzer(%t20)
    %t21 = addr $q__0
    call void @QualifiedName___QualifiedName(%t21)
    %t22 = addr $root__0
    call void @Scope___Scope(%t22)
    return i64 0
}
function @Vec_A______Vec(%this : ptr) -> void {
  slot $this : ptr

  block ^entry:
    store ptr %this, $this
    return void
}
function @Vec_B______Vec(%this : ptr) -> void {
  slot $this : ptr

  block ^entry:
    store ptr %this, $this
    return void
}
function @Scope__Scope__ov3(%this : ptr, %parent : ptr) -> void {
  slot $this : ptr
  slot $parent : ptr

  block ^entry:
    store ptr %this, $this
    store ptr %parent, $parent
    %t1 = load ptr $parent
    %t2 = load ptr $this
    store ptr %t1, %t2
    return void
}
function @Scope___Scope(%this : ptr) -> void {
  slot $this : ptr

  block ^entry:
    store ptr %this, $this
    return void
}
function @QualifiedName__QualifiedName(%this : ptr) -> void {
  slot $this : ptr

  block ^entry:
    store ptr %this, $this
    return void
}
function @QualifiedName___QualifiedName(%this : ptr) -> void {
  slot $this : ptr

  block ^entry:
    store ptr %this, $this
    return void
}
function @Analyzer__Analyzer(%this : ptr) -> void {
  slot $this : ptr

  block ^entry:
    store ptr %this, $this
    return void
}
function @Analyzer__lookup_a(%ret : ptr, %this : ptr, %scope : ptr, %qualified : ptr) -> void {
  slot $this : ptr
  slot $scope : ptr
  slot $qualified : ptr
  slot $arg__1 : i64

  block ^entry:
    store ptr %this, $this
    store ptr %scope, $scope
    store ptr %qualified, $qualified
    %t1 = load ptr $this
    %t2 = load ptr $scope
    %t3 = load ptr $qualified
    %t4 = addr $arg__1
    call void @Analyzer__lookup_qualified_generic(%ret, %t1, %t2, %t3, %t4)
    return void
}
function @Analyzer__lookup_b(%ret : ptr, %this : ptr, %scope : ptr, %qualified : ptr) -> void {
  slot $this : ptr
  slot $scope : ptr
  slot $qualified : ptr
  slot $arg__1 : i64

  block ^entry:
    store ptr %this, $this
    store ptr %scope, $scope
    store ptr %qualified, $qualified
    %t1 = load ptr $this
    %t2 = load ptr $scope
    %t3 = load ptr $qualified
    %t4 = addr $arg__1
    call void @Analyzer__lookup_qualified_generic__ov2(%ret, %t1, %t2, %t3, %t4)
    return void
}
function @Analyzer__lookup_qualified_generic(%ret : ptr, %this : ptr, %scope : ptr, %qualified : ptr, %final_lookup : ptr) -> void {
  slot $this : ptr
  slot $scope : ptr
  slot $qualified : ptr
  slot $final_lookup : ptr
  slot $arg__2 : i64
  slot $arg__1 : i64
  slot $arg__3 : i64

  block ^entry:
    store ptr %this, $this
    store ptr %scope, $scope
    store ptr %qualified, $qualified
    store ptr %final_lookup, $final_lookup
    %t1 = load ptr $this
    %t2 = load ptr %t1
    %t3 = load ptr $qualified
    %t4 = addr $arg__1
    %t5 = load ptr $this
    store ptr %t5, %t4
    %t6 = index i8 %t4, 8
    %t7 = load ptr $scope
    store ptr %t7, %t6
    %t8 = addr $arg__3
    %t9 = load ptr $final_lookup
    call void @cpp_scope_lookup__lookup_qualified(%ret, %t2, %t3, %t4, %t8, %t9)
    return void
}
function @Analyzer__lookup_qualified_generic__ov2(%ret : ptr, %this : ptr, %scope : ptr, %qualified : ptr, %final_lookup : ptr) -> void {
  slot $this : ptr
  slot $scope : ptr
  slot $qualified : ptr
  slot $final_lookup : ptr
  slot $arg__2 : i64
  slot $arg__1 : i64
  slot $arg__3 : i64

  block ^entry:
    store ptr %this, $this
    store ptr %scope, $scope
    store ptr %qualified, $qualified
    store ptr %final_lookup, $final_lookup
    %t1 = load ptr $this
    %t2 = load ptr %t1
    %t3 = load ptr $qualified
    %t4 = addr $arg__1
    %t5 = load ptr $this
    store ptr %t5, %t4
    %t6 = index i8 %t4, 8
    %t7 = load ptr $scope
    store ptr %t7, %t6
    %t8 = addr $arg__3
    %t9 = load ptr $final_lookup
    call void @cpp_scope_lookup__lookup_qualified__ov2(%ret, %t2, %t3, %t4, %t8, %t9)
    return void
}
function @Analyzer___Analyzer(%this : ptr) -> void {
  slot $this : ptr

  block ^entry:
    store ptr %this, $this
    return void
}
function @cpp_scope_lookup__lookup_qualified(%ret : ptr, %root : ptr, %qualified : ptr, %resolve_unqualified_qualifier : ptr, %resolve_direct_qualifier : ptr, %final_lookup : ptr) -> void {
  slot $root : ptr
  slot $qualified : ptr
  slot $resolve_unqualified_qualifier : ptr
  slot $resolve_direct_qualifier : ptr
  slot $final_lookup : ptr
  slot $land__1 : i64
  slot $land__2 : i64
  slot $current : ptr

  block ^entry:
    store ptr %root, $root
    store ptr %qualified, $qualified
    store ptr %resolve_unqualified_qualifier, $resolve_unqualified_qualifier
    store ptr %resolve_direct_qualifier, $resolve_direct_qualifier
    store ptr %final_lookup, $final_lookup
    %t1 = load ptr $qualified
    %t2 = load u8 %t1
    branch %t2, ^land_rhs_4, ^land_short_5

  block ^land_rhs_4:
    %t3 = load ptr $qualified
    %t4 = index i8 %t3, 16
    %t5 = load ptr %t4
    %t6 = cmp eq ptr %t5, 0
    %t7 = cmp ne i64 %t6, 0
    store i64 %t7, $land__1
    jump ^land_end_6

  block ^land_short_5:
    store i64 0, $land__1
    jump ^land_end_6

  block ^land_end_6:
    %t8 = load i64 $land__1
    branch %t8, ^if_then_1, ^if_else_2

  block ^if_then_1:
    %t9 = load ptr $final_lookup
    %t10 = load ptr $root
    %t11 = load ptr $qualified
    %t12 = index i8 %t11, 8
    %t13 = load ptr %t12
    call void @Analyzer______lambda_Analyzer__lookup_a_t347_361__operator__(%ret, %t9, %t10, %t13)
    return void

  block ^if_else_2:
    jump ^if_end_3

  block ^if_end_3:
    %t14 = load ptr $qualified
    %t15 = load u8 %t14
    %t16 = cmp eq i64 %t15, 0
    branch %t16, ^land_rhs_10, ^land_short_11

  block ^land_rhs_10:
    %t17 = load ptr $qualified
    %t18 = index i8 %t17, 16
    %t19 = load ptr %t18
    %t20 = cmp eq ptr %t19, 0
    %t21 = cmp ne i64 %t20, 0
    store i64 %t21, $land__2
    jump ^land_end_12

  block ^land_short_11:
    store i64 0, $land__2
    jump ^land_end_12

  block ^land_end_12:
    %t22 = load i64 $land__2
    branch %t22, ^if_then_7, ^if_else_8

  block ^if_then_7:
    call void @Vec_A_____Vec(%ret)
    return void

  block ^if_else_8:
    jump ^if_end_9

  block ^if_end_9:
    store ptr 0, $current
    %t23 = load ptr $qualified
    %t24 = load u8 %t23
    branch %t24, ^if_then_13, ^if_else_14

  block ^if_then_13:
    %t25 = load ptr $root
    store ptr %t25, $current
    jump ^if_end_15

  block ^if_else_14:
    %t26 = load ptr $resolve_unqualified_qualifier
    %t27 = load ptr $qualified
    %t28 = index i8 %t27, 16
    %t29 = load ptr %t28
    %t30 = call ptr @Analyzer________lambda_Analyzer__lookup_qualified_generic__Vec_A____Analyzer______lambda_Analyzer__lookup_a_t347_361_t274_282__operator__(%t26, %t29)
    store ptr %t30, $current
    %t31 = load ptr $current
    %t32 = cmp eq ptr %t31, 0
    branch %t32, ^if_then_16, ^if_else_17

  block ^if_then_16:
    call void @Vec_A_____Vec(%ret)
    return void

  block ^if_else_17:
    jump ^if_end_18

  block ^if_end_18:
    jump ^if_end_15

  block ^if_end_15:
    %t33 = load ptr $resolve_direct_qualifier
    %t34 = load ptr $current
    %t35 = load ptr $qualified
    %t36 = index i8 %t35, 16
    %t37 = load ptr %t36
    %t38 = call ptr @Analyzer________lambda_Analyzer__lookup_qualified_generic__Vec_A____Analyzer______lambda_Analyzer__lookup_a_t347_361_t291_303__operator__(%t33, %t34, %t37)
    store ptr %t38, $current
    %t39 = load ptr $current
    %t40 = cmp eq ptr %t39, 0
    branch %t40, ^if_then_19, ^if_else_20

  block ^if_then_19:
    call void @Vec_A_____Vec(%ret)
    return void

  block ^if_else_20:
    jump ^if_end_21

  block ^if_end_21:
    %t41 = load ptr $final_lookup
    %t42 = load ptr $current
    %t43 = load ptr $qualified
    %t44 = index i8 %t43, 8
    %t45 = load ptr %t44
    call void @Analyzer______lambda_Analyzer__lookup_a_t347_361__operator__(%ret, %t41, %t42, %t45)
    return void
}
function @cpp_scope_lookup__lookup_qualified__ov2(%ret : ptr, %root : ptr, %qualified : ptr, %resolve_unqualified_qualifier : ptr, %resolve_direct_qualifier : ptr, %final_lookup : ptr) -> void {
  slot $root : ptr
  slot $qualified : ptr
  slot $resolve_unqualified_qualifier : ptr
  slot $resolve_direct_qualifier : ptr
  slot $final_lookup : ptr
  slot $land__1 : i64
  slot $land__2 : i64
  slot $current : ptr

  block ^entry:
    store ptr %root, $root
    store ptr %qualified, $qualified
    store ptr %resolve_unqualified_qualifier, $resolve_unqualified_qualifier
    store ptr %resolve_direct_qualifier, $resolve_direct_qualifier
    store ptr %final_lookup, $final_lookup
    %t1 = load ptr $qualified
    %t2 = load u8 %t1
    branch %t2, ^land_rhs_4, ^land_short_5

  block ^land_rhs_4:
    %t3 = load ptr $qualified
    %t4 = index i8 %t3, 16
    %t5 = load ptr %t4
    %t6 = cmp eq ptr %t5, 0
    %t7 = cmp ne i64 %t6, 0
    store i64 %t7, $land__1
    jump ^land_end_6

  block ^land_short_5:
    store i64 0, $land__1
    jump ^land_end_6

  block ^land_end_6:
    %t8 = load i64 $land__1
    branch %t8, ^if_then_1, ^if_else_2

  block ^if_then_1:
    %t9 = load ptr $final_lookup
    %t10 = load ptr $root
    %t11 = load ptr $qualified
    %t12 = index i8 %t11, 8
    %t13 = load ptr %t12
    call void @Analyzer______lambda_Analyzer__lookup_b_t408_422__operator__(%ret, %t9, %t10, %t13)
    return void

  block ^if_else_2:
    jump ^if_end_3

  block ^if_end_3:
    %t14 = load ptr $qualified
    %t15 = load u8 %t14
    %t16 = cmp eq i64 %t15, 0
    branch %t16, ^land_rhs_10, ^land_short_11

  block ^land_rhs_10:
    %t17 = load ptr $qualified
    %t18 = index i8 %t17, 16
    %t19 = load ptr %t18
    %t20 = cmp eq ptr %t19, 0
    %t21 = cmp ne i64 %t20, 0
    store i64 %t21, $land__2
    jump ^land_end_12

  block ^land_short_11:
    store i64 0, $land__2
    jump ^land_end_12

  block ^land_end_12:
    %t22 = load i64 $land__2
    branch %t22, ^if_then_7, ^if_else_8

  block ^if_then_7:
    call void @Vec_B_____Vec(%ret)
    return void

  block ^if_else_8:
    jump ^if_end_9

  block ^if_end_9:
    store ptr 0, $current
    %t23 = load ptr $qualified
    %t24 = load u8 %t23
    branch %t24, ^if_then_13, ^if_else_14

  block ^if_then_13:
    %t25 = load ptr $root
    store ptr %t25, $current
    jump ^if_end_15

  block ^if_else_14:
    %t26 = load ptr $resolve_unqualified_qualifier
    %t27 = load ptr $qualified
    %t28 = index i8 %t27, 16
    %t29 = load ptr %t28
    %t30 = call ptr @Analyzer________lambda_Analyzer__lookup_qualified_generic__Vec_B____Analyzer______lambda_Analyzer__lookup_b_t408_422_t274_282__operator__(%t26, %t29)
    store ptr %t30, $current
    %t31 = load ptr $current
    %t32 = cmp eq ptr %t31, 0
    branch %t32, ^if_then_16, ^if_else_17

  block ^if_then_16:
    call void @Vec_B_____Vec(%ret)
    return void

  block ^if_else_17:
    jump ^if_end_18

  block ^if_end_18:
    jump ^if_end_15

  block ^if_end_15:
    %t33 = load ptr $resolve_direct_qualifier
    %t34 = load ptr $current
    %t35 = load ptr $qualified
    %t36 = index i8 %t35, 16
    %t37 = load ptr %t36
    %t38 = call ptr @Analyzer________lambda_Analyzer__lookup_qualified_generic__Vec_B____Analyzer______lambda_Analyzer__lookup_b_t408_422_t291_303__operator__(%t33, %t34, %t37)
    store ptr %t38, $current
    %t39 = load ptr $current
    %t40 = cmp eq ptr %t39, 0
    branch %t40, ^if_then_19, ^if_else_20

  block ^if_then_19:
    call void @Vec_B_____Vec(%ret)
    return void

  block ^if_else_20:
    jump ^if_end_21

  block ^if_end_21:
    %t41 = load ptr $final_lookup
    %t42 = load ptr $current
    %t43 = load ptr $qualified
    %t44 = index i8 %t43, 8
    %t45 = load ptr %t44
    call void @Analyzer______lambda_Analyzer__lookup_b_t408_422__operator__(%ret, %t41, %t42, %t45)
    return void
}
function @Analyzer______lambda_Analyzer__lookup_a_t347_361__operator__(%ret : ptr, %this : ptr, %__param1 : ptr, %__param2 : ptr) -> void {
  slot $this : ptr
  slot $__param1 : ptr
  slot $__param2 : ptr

  block ^entry:
    store ptr %this, $this
    store ptr %__param1, $__param1
    store ptr %__param2, $__param2
    call void @Vec_A_____Vec(%ret)
    return void
}
function @Analyzer______lambda_Analyzer__lookup_b_t408_422__operator__(%ret : ptr, %this : ptr, %__param1 : ptr, %__param2 : ptr) -> void {
  slot $this : ptr
  slot $__param1 : ptr
  slot $__param2 : ptr

  block ^entry:
    store ptr %this, $this
    store ptr %__param1, $__param1
    store ptr %__param2, $__param2
    call void @Vec_B_____Vec(%ret)
    return void
}
function @Analyzer________lambda_Analyzer__lookup_qualified_generic__Vec_A____Analyzer______lambda_Analyzer__lookup_a_t347_361_t274_282__operator__(%this : ptr, %__param1 : ptr) -> ptr {
  slot $this : ptr
  slot $__param1 : ptr

  block ^entry:
    store ptr %this, $this
    store ptr %__param1, $__param1
    %t1 = load ptr $this
    %t2 = index i8 %t1, 8
    %t3 = load ptr %t2
    return ptr %t3
}
function @Analyzer________lambda_Analyzer__lookup_qualified_generic__Vec_A____Analyzer______lambda_Analyzer__lookup_a_t347_361_t291_303__operator__(%this : ptr, %target : ptr, %__param2 : ptr) -> ptr {
  slot $this : ptr
  slot $target : ptr
  slot $__param2 : ptr

  block ^entry:
    store ptr %this, $this
    store ptr %target, $target
    store ptr %__param2, $__param2
    %t1 = load ptr $target
    return ptr %t1
}
function @Analyzer________lambda_Analyzer__lookup_qualified_generic__Vec_B____Analyzer______lambda_Analyzer__lookup_b_t408_422_t274_282__operator__(%this : ptr, %__param1 : ptr) -> ptr {
  slot $this : ptr
  slot $__param1 : ptr

  block ^entry:
    store ptr %this, $this
    store ptr %__param1, $__param1
    %t1 = load ptr $this
    %t2 = index i8 %t1, 8
    %t3 = load ptr %t2
    return ptr %t3
}
function @Analyzer________lambda_Analyzer__lookup_qualified_generic__Vec_B____Analyzer______lambda_Analyzer__lookup_b_t408_422_t291_303__operator__(%this : ptr, %target : ptr, %__param2 : ptr) -> ptr {
  slot $this : ptr
  slot $target : ptr
  slot $__param2 : ptr

  block ^entry:
    store ptr %this, $this
    store ptr %target, $target
    store ptr %__param2, $__param2
    %t1 = load ptr $target
    return ptr %t1
}
function @Vec_A_____Vec(%this : ptr) -> void {
  slot $this : ptr

  block ^entry:
    store ptr %this, $this
    return void
}
function @Vec_B_____Vec(%this : ptr) -> void {
  slot $this : ptr

  block ^entry:
    store ptr %this, $this
    return void
}
