function @main() -> i32 [role=entry, binding=strong, keep_alias=yes] {
  slot $b : obj<4x4>
  slot $f : obj<4x4>

  block ^entry:
    %t1 = addr $b
    %t2 = addr $b
    %t3 = index i8 [projection=field] %t2, 0
    store i32 3, %t3
    %t4 = addr $f
    %t5 = addr $b
    copyobj 4x4 %t5, %t4
    %t6 = addr $b
    %t7 = index i8 [projection=field] %t6, 0
    store i32 9, %t7
    %t8 = addr $f
    %t9 = call i32 @__lambda_main_t30_36__operator__(%t8, 4)
    return i32 %t9
}
function @__lambda_main_t30_36__operator__(%this : ptr, %y : i32) -> i32 [binding=weak, object=_ZZ4mainvENK3$_0clEi] {
  slot $this : ptr
  slot $y : i32

  block ^entry:
    store ptr %this, $this
    store i32 %y, $y
    %t1 = load ptr $this
    %t2 = index i8 [projection=field] %t1, 0
    %t3 = index i8 [projection=field] %t2, 0
    %t4 = load i32 %t3
    %t5 = load i32 $y
    %t6 = binary add i32 %t4, %t5
    return i32 %t6
}
