global @__strlit__1 [binding=internal] = {
  i8 120
  i8 0
}

function @main() -> i32 [role=entry, binding=strong, keep_alias=yes] {
  slot $root : obj<8x8>
  slot $q : obj<24x8>
  slot $a : obj<8x8>
  slot $discard__1 : obj<1x1>
  slot $discard__2 : obj<1x1>

  block ^entry:
    %t1 = addr $root
    %t2 = addr $root
    %t3 = index i8 [projection=field] %t2, 0
    store ptr 0, %t3
    %t4 = addr $q
    %t5 = addr $q
    %t6 = index i8 [projection=field] %t5, 0
    store u8 1, %t6
    %t7 = addr @__strlit__1
    %t8 = addr $q
    %t9 = index i8 [projection=field] %t8, 8
    store ptr %t7, %t9
    %t10 = addr $q
    %t11 = index i8 [projection=field] %t10, 16
    store ptr 0, %t11
    %t12 = addr $a
    %t13 = addr $root
    %t14 = addr $a
    %t15 = index i8 [projection=field] %t14, 0
    store ptr %t13, %t15
    %t16 = addr $discard__1
    %t17 = addr $a
    %t18 = addr $root
    %t19 = addr $q
    %t20 = call obj<1x1> @Analyzer__lookup_a(%t17, %t18, %t19)
    copyobj 1x1 %t20, %t16
    %t21 = addr $discard__2
    %t22 = addr $a
    %t23 = addr $root
    %t24 = addr $q
    %t25 = call obj<1x1> @Analyzer__lookup_b(%t22, %t23, %t24)
    copyobj 1x1 %t25, %t21
    return i32 0
}
function @Analyzer__lookup_a(%this : ptr, %scope : ptr [pass=reference], %qualified : ptr [pass=reference]) -> obj<1x1> [binding=weak, object=_ZN8Analyzer8lookup_aER5ScopeRK13QualifiedName] {
  slot $this : ptr
  slot $scope : ptr
  slot $qualified : ptr
  slot $retobj__1 : obj<1x1>
  slot $arg__2 : obj<1x1>

  block ^entry:
    store ptr %this, $this
    store ptr %scope, $scope
    store ptr %qualified, $qualified
    %t1 = addr $retobj__1
    %t2 = load ptr $this
    %t3 = load ptr $scope
    %t4 = load ptr $qualified
    %t5 = addr $arg__2
    %t6 = call obj<1x1> @Analyzer__lookup_qualified_generic(%t2, %t3, %t4, %t5)
    copyobj 1x1 %t6, %t1
    return obj<1x1> $retobj__1
}
function @Analyzer__lookup_b(%this : ptr, %scope : ptr [pass=reference], %qualified : ptr [pass=reference]) -> obj<1x1> [binding=weak, object=_ZN8Analyzer8lookup_bER5ScopeRK13QualifiedName] {
  slot $this : ptr
  slot $scope : ptr
  slot $qualified : ptr
  slot $retobj__1 : obj<1x1>
  slot $arg__2 : obj<1x1>

  block ^entry:
    store ptr %this, $this
    store ptr %scope, $scope
    store ptr %qualified, $qualified
    %t1 = addr $retobj__1
    %t2 = load ptr $this
    %t3 = load ptr $scope
    %t4 = load ptr $qualified
    %t5 = addr $arg__2
    %t6 = call obj<1x1> @Analyzer__lookup_qualified_generic__ov2(%t2, %t3, %t4, %t5)
    copyobj 1x1 %t6, %t1
    return obj<1x1> $retobj__1
}
function @Analyzer__lookup_qualified_generic(%this : ptr, %scope : ptr [pass=reference], %qualified : ptr [pass=reference], %final_lookup : ptr [pass=reference]) -> obj<1x1> [binding=weak, object=_ZN8Analyzer24lookup_qualified_genericI3VecIP1AEZN8Analyzer8lookup_aER5ScopeRK13QualifiedNameEUlS6_PKcE_EET_S6_S9_RKT0_] {
  slot $this : ptr
  slot $scope : ptr
  slot $qualified : ptr
  slot $final_lookup : ptr
  slot $retobj__1 : obj<1x1>
  slot $arg__2 : obj<16x8>
  slot $arg__3 : obj<1x1>

  block ^entry:
    store ptr %this, $this
    store ptr %scope, $scope
    store ptr %qualified, $qualified
    store ptr %final_lookup, $final_lookup
    %t1 = addr $retobj__1
    %t2 = load ptr $this
    %t3 = index i8 [projection=field] %t2, 0
    %t4 = load ptr %t3
    %t5 = load ptr $qualified
    %t6 = addr $arg__2
    %t7 = load ptr $this
    store ptr %t7, %t6
    %t8 = index i8 %t6, 8
    %t9 = load ptr $scope
    store ptr %t9, %t8
    %t10 = addr $arg__3
    %t11 = load ptr $final_lookup
    %t12 = call obj<1x1> @cpp_scope_lookup__lookup_qualified(%t4, %t5, %t6, %t10, %t11)
    copyobj 1x1 %t12, %t1
    return obj<1x1> $retobj__1
}
function @Analyzer__lookup_qualified_generic__ov2(%this : ptr, %scope : ptr [pass=reference], %qualified : ptr [pass=reference], %final_lookup : ptr [pass=reference]) -> obj<1x1> [binding=weak, object=_ZN8Analyzer24lookup_qualified_genericI3VecIP1BEZN8Analyzer8lookup_bER5ScopeRK13QualifiedNameEUlS6_PKcE_EET_S6_S9_RKT0_] {
  slot $this : ptr
  slot $scope : ptr
  slot $qualified : ptr
  slot $final_lookup : ptr
  slot $retobj__1 : obj<1x1>
  slot $arg__2 : obj<16x8>
  slot $arg__3 : obj<1x1>

  block ^entry:
    store ptr %this, $this
    store ptr %scope, $scope
    store ptr %qualified, $qualified
    store ptr %final_lookup, $final_lookup
    %t1 = addr $retobj__1
    %t2 = load ptr $this
    %t3 = index i8 [projection=field] %t2, 0
    %t4 = load ptr %t3
    %t5 = load ptr $qualified
    %t6 = addr $arg__2
    %t7 = load ptr $this
    store ptr %t7, %t6
    %t8 = index i8 %t6, 8
    %t9 = load ptr $scope
    store ptr %t9, %t8
    %t10 = addr $arg__3
    %t11 = load ptr $final_lookup
    %t12 = call obj<1x1> @cpp_scope_lookup__lookup_qualified__ov2(%t4, %t5, %t6, %t10, %t11)
    copyobj 1x1 %t12, %t1
    return obj<1x1> $retobj__1
}
function @cpp_scope_lookup__lookup_qualified(%root : ptr [pass=reference], %qualified : ptr [pass=reference], %resolve_unqualified_qualifier : ptr [pass=reference], %resolve_direct_qualifier : ptr [pass=reference], %final_lookup : ptr [pass=reference]) -> obj<1x1> [binding=weak, object=_ZN16cpp_scope_lookup16lookup_qualifiedI3VecIP1AE5ScopeZN8Analyzer24lookup_qualified_genericI3VecIP1AEZN8Analyzer8lookup_aER5ScopeRK13QualifiedNameEUlS6_PKcE_EET_S6_S9_RKT0_EUlSD_E_ZN8Analyzer24lookup_qualified_genericI3VecIP1AEZN8Analyzer8lookup_aER5ScopeRK13QualifiedNameEUlS6_PKcE_EET_S6_S9_RKT0_EUlS8_SD_E_ZN8Analyzer8lookup_aER5ScopeRK13QualifiedNameEUlS8_SD_E_EESE_RSF_SB_RKT1_RKT2_RKT3_] {
  slot $root : ptr
  slot $qualified : ptr
  slot $resolve_unqualified_qualifier : ptr
  slot $resolve_direct_qualifier : ptr
  slot $final_lookup : ptr
  slot $retobj__1 : obj<1x1>
  slot $current : ptr

  block ^entry:
    store ptr %root, $root
    store ptr %qualified, $qualified
    store ptr %resolve_unqualified_qualifier, $resolve_unqualified_qualifier
    store ptr %resolve_direct_qualifier, $resolve_direct_qualifier
    store ptr %final_lookup, $final_lookup
    %t1 = load ptr $qualified
    %t2 = index i8 [projection=field] %t1, 0
    %t3 = load u8 %t2
    branch %t3, ^land_rhs_4, ^if_else_2

  block ^land_rhs_4:
    %t4 = load ptr $qualified
    %t5 = index i8 [projection=field] %t4, 16
    %t6 = load ptr %t5
    %t7 = cmp eq ptr %t6, 0
    branch %t7, ^if_then_1, ^if_else_2

  block ^if_then_1:
    %t8 = addr $retobj__1
    %t9 = load ptr $final_lookup
    %t10 = load ptr $root
    %t11 = load ptr $qualified
    %t12 = index i8 [projection=field] %t11, 8
    %t13 = load ptr %t12
    %t14 = call obj<1x1> @Analyzer____lambda_Analyzer__lookup_a_t347_361__operator__(%t9, %t10, %t13)
    copyobj 1x1 %t14, %t8
    return obj<1x1> $retobj__1

  block ^if_else_2:
    jump ^if_end_3

  block ^if_end_3:
    %t15 = load ptr $qualified
    %t16 = index i8 [projection=field] %t15, 0
    %t17 = load u8 %t16
    %t18 = cmp eq i64 %t17, 0
    branch %t18, ^land_rhs_8, ^if_else_6

  block ^land_rhs_8:
    %t19 = load ptr $qualified
    %t20 = index i8 [projection=field] %t19, 16
    %t21 = load ptr %t20
    %t22 = cmp eq ptr %t21, 0
    branch %t22, ^if_then_5, ^if_else_6

  block ^if_then_5:
    %t23 = addr $retobj__1
    call void @Vec_A_____Vec(%t23)
    return obj<1x1> $retobj__1

  block ^if_else_6:
    jump ^if_end_7

  block ^if_end_7:
    store ptr 0, $current
    %t24 = load ptr $qualified
    %t25 = index i8 [projection=field] %t24, 0
    %t26 = load u8 %t25
    branch %t26, ^if_then_9, ^if_else_10

  block ^if_then_9:
    %t27 = load ptr $root
    store ptr %t27, $current
    jump ^if_end_11

  block ^if_else_10:
    %t28 = load ptr $resolve_unqualified_qualifier
    %t29 = load ptr $qualified
    %t30 = index i8 [projection=field] %t29, 16
    %t31 = load ptr %t30
    %t32 = call ptr @Analyzer____lambda_Analyzer__lookup_qualified_generic__Vec_A____Analyzer____lambda_Analyzer__lookup_a_t347_361_t274_282__operator__(%t28, %t31)
    store ptr %t32, $current
    %t33 = load ptr $current
    %t34 = cmp eq ptr %t33, 0
    branch %t34, ^if_then_12, ^if_else_13

  block ^if_then_12:
    %t35 = addr $retobj__1
    call void @Vec_A_____Vec(%t35)
    return obj<1x1> $retobj__1

  block ^if_else_13:
    jump ^if_end_14

  block ^if_end_14:
    jump ^if_end_11

  block ^if_end_11:
    %t36 = load ptr $resolve_direct_qualifier
    %t37 = load ptr $current
    %t38 = load ptr $qualified
    %t39 = index i8 [projection=field] %t38, 16
    %t40 = load ptr %t39
    %t41 = call ptr @Analyzer____lambda_Analyzer__lookup_qualified_generic__Vec_A____Analyzer____lambda_Analyzer__lookup_a_t347_361_t291_303__operator__(%t36, %t37, %t40)
    store ptr %t41, $current
    %t42 = load ptr $current
    %t43 = cmp eq ptr %t42, 0
    branch %t43, ^if_then_15, ^if_else_16

  block ^if_then_15:
    %t44 = addr $retobj__1
    call void @Vec_A_____Vec(%t44)
    return obj<1x1> $retobj__1

  block ^if_else_16:
    jump ^if_end_17

  block ^if_end_17:
    %t45 = addr $retobj__1
    %t46 = load ptr $final_lookup
    %t47 = load ptr $current
    %t48 = load ptr $qualified
    %t49 = index i8 [projection=field] %t48, 8
    %t50 = load ptr %t49
    %t51 = call obj<1x1> @Analyzer____lambda_Analyzer__lookup_a_t347_361__operator__(%t46, %t47, %t50)
    copyobj 1x1 %t51, %t45
    return obj<1x1> $retobj__1
}
function @cpp_scope_lookup__lookup_qualified__ov2(%root : ptr [pass=reference], %qualified : ptr [pass=reference], %resolve_unqualified_qualifier : ptr [pass=reference], %resolve_direct_qualifier : ptr [pass=reference], %final_lookup : ptr [pass=reference]) -> obj<1x1> [binding=weak, object=_ZN16cpp_scope_lookup16lookup_qualifiedI3VecIP1BE5ScopeZN8Analyzer24lookup_qualified_genericI3VecIP1BEZN8Analyzer8lookup_bER5ScopeRK13QualifiedNameEUlS6_PKcE_EET_S6_S9_RKT0_EUlSD_E_ZN8Analyzer24lookup_qualified_genericI3VecIP1BEZN8Analyzer8lookup_bER5ScopeRK13QualifiedNameEUlS6_PKcE_EET_S6_S9_RKT0_EUlS8_SD_E_ZN8Analyzer8lookup_bER5ScopeRK13QualifiedNameEUlS8_SD_E_EESE_RSF_SB_RKT1_RKT2_RKT3_] {
  slot $root : ptr
  slot $qualified : ptr
  slot $resolve_unqualified_qualifier : ptr
  slot $resolve_direct_qualifier : ptr
  slot $final_lookup : ptr
  slot $retobj__1 : obj<1x1>
  slot $current : ptr

  block ^entry:
    store ptr %root, $root
    store ptr %qualified, $qualified
    store ptr %resolve_unqualified_qualifier, $resolve_unqualified_qualifier
    store ptr %resolve_direct_qualifier, $resolve_direct_qualifier
    store ptr %final_lookup, $final_lookup
    %t1 = load ptr $qualified
    %t2 = index i8 [projection=field] %t1, 0
    %t3 = load u8 %t2
    branch %t3, ^land_rhs_4, ^if_else_2

  block ^land_rhs_4:
    %t4 = load ptr $qualified
    %t5 = index i8 [projection=field] %t4, 16
    %t6 = load ptr %t5
    %t7 = cmp eq ptr %t6, 0
    branch %t7, ^if_then_1, ^if_else_2

  block ^if_then_1:
    %t8 = addr $retobj__1
    %t9 = load ptr $final_lookup
    %t10 = load ptr $root
    %t11 = load ptr $qualified
    %t12 = index i8 [projection=field] %t11, 8
    %t13 = load ptr %t12
    %t14 = call obj<1x1> @Analyzer____lambda_Analyzer__lookup_b_t408_422__operator__(%t9, %t10, %t13)
    copyobj 1x1 %t14, %t8
    return obj<1x1> $retobj__1

  block ^if_else_2:
    jump ^if_end_3

  block ^if_end_3:
    %t15 = load ptr $qualified
    %t16 = index i8 [projection=field] %t15, 0
    %t17 = load u8 %t16
    %t18 = cmp eq i64 %t17, 0
    branch %t18, ^land_rhs_8, ^if_else_6

  block ^land_rhs_8:
    %t19 = load ptr $qualified
    %t20 = index i8 [projection=field] %t19, 16
    %t21 = load ptr %t20
    %t22 = cmp eq ptr %t21, 0
    branch %t22, ^if_then_5, ^if_else_6

  block ^if_then_5:
    %t23 = addr $retobj__1
    call void @Vec_B_____Vec(%t23)
    return obj<1x1> $retobj__1

  block ^if_else_6:
    jump ^if_end_7

  block ^if_end_7:
    store ptr 0, $current
    %t24 = load ptr $qualified
    %t25 = index i8 [projection=field] %t24, 0
    %t26 = load u8 %t25
    branch %t26, ^if_then_9, ^if_else_10

  block ^if_then_9:
    %t27 = load ptr $root
    store ptr %t27, $current
    jump ^if_end_11

  block ^if_else_10:
    %t28 = load ptr $resolve_unqualified_qualifier
    %t29 = load ptr $qualified
    %t30 = index i8 [projection=field] %t29, 16
    %t31 = load ptr %t30
    %t32 = call ptr @Analyzer____lambda_Analyzer__lookup_qualified_generic__Vec_B____Analyzer____lambda_Analyzer__lookup_b_t408_422_t274_282__operator__(%t28, %t31)
    store ptr %t32, $current
    %t33 = load ptr $current
    %t34 = cmp eq ptr %t33, 0
    branch %t34, ^if_then_12, ^if_else_13

  block ^if_then_12:
    %t35 = addr $retobj__1
    call void @Vec_B_____Vec(%t35)
    return obj<1x1> $retobj__1

  block ^if_else_13:
    jump ^if_end_14

  block ^if_end_14:
    jump ^if_end_11

  block ^if_end_11:
    %t36 = load ptr $resolve_direct_qualifier
    %t37 = load ptr $current
    %t38 = load ptr $qualified
    %t39 = index i8 [projection=field] %t38, 16
    %t40 = load ptr %t39
    %t41 = call ptr @Analyzer____lambda_Analyzer__lookup_qualified_generic__Vec_B____Analyzer____lambda_Analyzer__lookup_b_t408_422_t291_303__operator__(%t36, %t37, %t40)
    store ptr %t41, $current
    %t42 = load ptr $current
    %t43 = cmp eq ptr %t42, 0
    branch %t43, ^if_then_15, ^if_else_16

  block ^if_then_15:
    %t44 = addr $retobj__1
    call void @Vec_B_____Vec(%t44)
    return obj<1x1> $retobj__1

  block ^if_else_16:
    jump ^if_end_17

  block ^if_end_17:
    %t45 = addr $retobj__1
    %t46 = load ptr $final_lookup
    %t47 = load ptr $current
    %t48 = load ptr $qualified
    %t49 = index i8 [projection=field] %t48, 8
    %t50 = load ptr %t49
    %t51 = call obj<1x1> @Analyzer____lambda_Analyzer__lookup_b_t408_422__operator__(%t46, %t47, %t50)
    copyobj 1x1 %t51, %t45
    return obj<1x1> $retobj__1
}
function @Analyzer____lambda_Analyzer__lookup_a_t347_361__operator__(%this : ptr, %__param1 : ptr [pass=reference], %__param2 : ptr) -> obj<1x1> [binding=weak, object=_ZZN8Analyzer8lookup_aER5ScopeRK13QualifiedNameENKUlS1_PKcE_clES1_S6_] {
  slot $this : ptr
  slot $__param1 : ptr
  slot $__param2 : ptr
  slot $retobj__1 : obj<1x1>

  block ^entry:
    store ptr %this, $this
    store ptr %__param1, $__param1
    store ptr %__param2, $__param2
    %t1 = addr $retobj__1
    call void @Vec_A_____Vec(%t1)
    return obj<1x1> $retobj__1
}
function @Analyzer____lambda_Analyzer__lookup_b_t408_422__operator__(%this : ptr, %__param1 : ptr [pass=reference], %__param2 : ptr) -> obj<1x1> [binding=weak, object=_ZZN8Analyzer8lookup_bER5ScopeRK13QualifiedNameENKUlS1_PKcE_clES1_S6_] {
  slot $this : ptr
  slot $__param1 : ptr
  slot $__param2 : ptr
  slot $retobj__1 : obj<1x1>

  block ^entry:
    store ptr %this, $this
    store ptr %__param1, $__param1
    store ptr %__param2, $__param2
    %t1 = addr $retobj__1
    call void @Vec_B_____Vec(%t1)
    return obj<1x1> $retobj__1
}
function @Analyzer____lambda_Analyzer__lookup_qualified_generic__Vec_A____Analyzer____lambda_Analyzer__lookup_a_t347_361_t274_282__operator__(%this : ptr, %__param1 : ptr) -> ptr [binding=weak, object=_ZZN8Analyzer24lookup_qualified_genericI3VecIP1AEZN8Analyzer8lookup_aER5ScopeRK13QualifiedNameEUlS6_PKcE_EET_S6_S9_RKT0_ENKUlSB_E_clESB_] {
  slot $this : ptr
  slot $__param1 : ptr

  block ^entry:
    store ptr %this, $this
    store ptr %__param1, $__param1
    %t1 = load ptr $this
    %t2 = index i8 [projection=reference_field] %t1, 8
    %t3 = load ptr %t2
    return ptr %t3
}
function @Analyzer____lambda_Analyzer__lookup_qualified_generic__Vec_A____Analyzer____lambda_Analyzer__lookup_a_t347_361_t291_303__operator__(%this : ptr, %target : ptr [pass=reference], %__param2 : ptr) -> ptr [binding=weak, object=_ZZN8Analyzer24lookup_qualified_genericI3VecIP1AEZN8Analyzer8lookup_aER5ScopeRK13QualifiedNameEUlS6_PKcE_EET_S6_S9_RKT0_ENKUlS6_SB_E_clES6_SB_] {
  slot $this : ptr
  slot $target : ptr
  slot $__param2 : ptr

  block ^entry:
    store ptr %this, $this
    store ptr %target, $target
    store ptr %__param2, $__param2
    %t1 = load ptr $target
    return ptr %t1
}
function @Analyzer____lambda_Analyzer__lookup_qualified_generic__Vec_B____Analyzer____lambda_Analyzer__lookup_b_t408_422_t274_282__operator__(%this : ptr, %__param1 : ptr) -> ptr [binding=weak, object=_ZZN8Analyzer24lookup_qualified_genericI3VecIP1BEZN8Analyzer8lookup_bER5ScopeRK13QualifiedNameEUlS6_PKcE_EET_S6_S9_RKT0_ENKUlSB_E_clESB_] {
  slot $this : ptr
  slot $__param1 : ptr

  block ^entry:
    store ptr %this, $this
    store ptr %__param1, $__param1
    %t1 = load ptr $this
    %t2 = index i8 [projection=reference_field] %t1, 8
    %t3 = load ptr %t2
    return ptr %t3
}
function @Analyzer____lambda_Analyzer__lookup_qualified_generic__Vec_B____Analyzer____lambda_Analyzer__lookup_b_t408_422_t291_303__operator__(%this : ptr, %target : ptr [pass=reference], %__param2 : ptr) -> ptr [binding=weak, object=_ZZN8Analyzer24lookup_qualified_genericI3VecIP1BEZN8Analyzer8lookup_bER5ScopeRK13QualifiedNameEUlS6_PKcE_EET_S6_S9_RKT0_ENKUlS6_SB_E_clES6_SB_] {
  slot $this : ptr
  slot $target : ptr
  slot $__param2 : ptr

  block ^entry:
    store ptr %this, $this
    store ptr %target, $target
    store ptr %__param2, $__param2
    %t1 = load ptr $target
    return ptr %t1
}
function @Vec_A_____Vec(%this : ptr) -> void [binding=weak, object=_ZN3VecIP1AEC1Ev] {
  slot $this : ptr

  block ^entry:
    store ptr %this, $this
    return void
}
function @Vec_B_____Vec(%this : ptr) -> void [binding=weak, object=_ZN3VecIP1BEC1Ev] {
  slot $this : ptr

  block ^entry:
    store ptr %this, $this
    return void
}
