function @main() -> i32 [role=entry, binding=strong, keep_alias=yes] {
  slot $object : obj<1x1>
  slot $ptr : ptr
  slot $member : i128
  slot $discard__1 : obj<1x1>

  block ^entry:
    %t1 = addr $object
    %t2 = addr $object
    store ptr %t2, $ptr
    %t3 = addr @target__call
    %t4 = copy i64 %t3
    %t5 = convert zext i128 i64 %t4
    store i128 %t5, $member
    %t6 = addr $discard__1
    %t7 = addr $ptr
    %t8 = addr $member
    %t9 = call obj<1x1> @other_action_member_pointer_action___apply(%t7, %t8)
    copyobj 1x1 %t9, %t6
    return i32 0
}
function @other_action_member_pointer_action___apply(%a : ptr [pass=reference], %b : ptr [pass=reference]) -> obj<1x1> [binding=weak, object=_ZN12other_actionI21member_pointer_actionE5applyI6resultP6targetKMS4_FivEEET_RT0_RT1_] {
  slot $a : ptr
  slot $b : ptr
  slot $retobj__1 : obj<1x1>

  block ^entry:
    store ptr %a, $a
    store ptr %b, $b
    %t1 = addr $retobj__1
    %t2 = load ptr $a
    %t3 = load ptr $b
    %t4 = call obj<1x1> @action_helper_false__true___apply(%t2, %t3)
    copyobj 1x1 %t4, %t1
    return obj<1x1> $retobj__1
}
function @action_helper_false__true___apply(%__param0 : ptr [pass=reference], %__param1 : ptr [pass=reference]) -> obj<1x1> [binding=weak, object=_ZN13action_helperILb0ELb1EE5applyI6resultP6targetKMS3_FivEEET_RT0_RT1_] {
  slot $__param0 : ptr
  slot $__param1 : ptr
  slot $retobj__1 : obj<1x1>

  block ^entry:
    store ptr %__param0, $__param0
    store ptr %__param1, $__param1
    %t1 = addr $retobj__1
    call void @result__result(%t1)
    return obj<1x1> $retobj__1
}
function @target__call(%this : ptr) -> i32 [binding=weak, object=_ZN6target4callEv] {
  slot $this : ptr

  block ^entry:
    store ptr %this, $this
    return i32 1
}
function @result__result(%this : ptr) -> void [unwind=no, binding=weak, object=_ZN6resultC1Ev, trivial_lifecycle=yes] {
  slot $this : ptr

  block ^entry:
    store ptr %this, $this
    return void
}
alias object _ZN6resultC2Ev = @result__result
