function @main() -> i32 [role=entry, binding=strong, keep_alias=yes] {
  slot $argobj__1 : obj<1x1>

  block ^entry:
    %t1 = addr $argobj__1
    %t2 = call i32 @inspect($argobj__1)
    return i32 %t2
}
function @inspect(%__param0 : obj<1x1>) -> i32 [binding=weak, object=_Z7inspect3boxI4itemE, inline_hint=yes] {
  slot $__param0 : obj<1x1>

  block ^entry:
    return i32 0
}
