global @__strlit__1 [binding=internal] = {
  i8 120
  i8 0
}
global @__local_static__main__text__tokens8_19 [binding=internal] = {
  i8 120
  i8 0
}
global @__local_static__main__text__tokens8_19__guard : i64 [binding=internal] = zero

function @main() -> i32 [role=entry, binding=strong, keep_alias=yes] {
  block ^entry:
    %t1 = load i64 @__local_static__main__text__tokens8_19__guard
    %t2 = cmp ne i64 %t1, 0
    branch %t2, ^local_static_ready_1, ^local_static_init_2

  block ^local_static_init_2:
    %t3 = addr @__local_static__main__text__tokens8_19
    store i8 120, %t3
    %t4 = index i8 %t3, 1
    store i8 0, %t4
    store i64 1, @__local_static__main__text__tokens8_19__guard
    jump ^local_static_ready_1

  block ^local_static_ready_1:
    %t5 = addr @__local_static__main__text__tokens8_19
    %t6 = unary decay ptr %t5
    %t7 = binary mul i64 0, 2
    %t8 = index i8 [projection=array_element] %t6, %t7
    %t9 = index i8 [projection=array_element] %t8, 1
    %t10 = load i8 %t9
    %t11 = convert sext i32 i8 %t10
    return i32 %t11
}
