function @main() -> i32 [role=entry, binding=strong, keep_alias=yes] {
  slot $source : i32
  slot $result : i32
  slot $state : obj<4x4>
  slot $cond__1 : i32

  block ^entry:
    store i32 2, $source
    store i32 0, $result
    %t1 = addr $state
    %t2 = addr $source
    call void @state_ref__state_ref(%t1, %t2)
    %t3 = addr $state
    %t4 = call i32 @state_ref__operatorint(%t3)
    jump ^switch_dispatch_1

  block ^switch_dispatch_1:
    switch %t4, ^switch_default_4, 2:^switch_case_3

  block ^switch_case_3:
    store i32 7, $result
    jump ^switch_end_2

  block ^switch_default_4:
    store i32 1, $result
    jump ^switch_end_2

  block ^switch_end_2:
    %t5 = load i32 $result
    %t6 = cmp eq i32 %t5, 7
    branch %t6, ^cond_then_5, ^cond_else_6

  block ^cond_then_5:
    store i32 0, $cond__1
    jump ^cond_end_7

  block ^cond_else_6:
    store i32 1, $cond__1
    jump ^cond_end_7

  block ^cond_end_7:
    %t7 = load i32 $cond__1
    return i32 %t7
}
function @state_ref__operatorint(%this : ptr) -> i32 [binding=weak, object=_ZNK9state_refcviEv] {
  slot $this : ptr

  block ^entry:
    store ptr %this, $this
    %t1 = load ptr $this
    %t2 = index i8 [projection=field] %t1, 0
    %t3 = load i32 %t2
    return i32 %t3
}
function @state_ref__state_ref(%this : ptr, %source : ptr [pass=reference]) -> void [binding=weak, object=_ZN9state_refC1ERi] {
  slot $this : ptr
  slot $source : ptr

  block ^entry:
    store ptr %this, $this
    store ptr %source, $source
    %t1 = load ptr $source
    %t2 = load i32 %t1
    %t3 = load ptr $this
    %t4 = index i8 [projection=field] %t3, 0
    store i32 %t2, %t4
    return void
}
alias object _ZN9state_refC2ERi = @state_ref__state_ref
