literal "\xFF" array of 2 char FF00
simple ; OP_SEMICOLON
literal u8"\xFF" array of 2 char FF00
simple ; OP_SEMICOLON
literal u"\xD800" array of 2 char16_t 00D80000
simple ; OP_SEMICOLON
literal u"\xFFFF" array of 2 char16_t FFFF0000
simple ; OP_SEMICOLON
literal U"\xFFFFFFFF" array of 2 char32_t FFFFFFFF00000000
simple ; OP_SEMICOLON
literal L"\xFFFFFFFF" array of 2 wchar_t FFFFFFFF00000000
simple ; OP_SEMICOLON
literal "\x3C0" u"" array of 2 char16_t C0030000
simple ; OP_SEMICOLON
literal "é" u"" array of 2 char16_t E9000000
simple ; OP_SEMICOLON
eof
