object:	file format Mach-O 64-bit x86-64

.debug_info contents:
<hex>: Compile Unit: length = <hex>, format = DWARF32, version = <hex>, abbr_offset = <hex>, addr_size = <hex> (next unit at <hex>)

<hex>: DW_TAG_compile_unit
              DW_AT_producer	("cppgm")
              DW_AT_language	(DW_LANG_C_plus_plus)
              DW_AT_name	("tests/debuginfo/object-o2/100-cppgm-line-tables-o2.t")
              DW_AT_stmt_list	(<hex>)
              DW_AT_low_pc	(<hex>)
              DW_AT_high_pc	(<hex>)

<hex>:   DW_TAG_base_type
                DW_AT_name	("void *")
                DW_AT_encoding	(DW_ATE_address)
                DW_AT_byte_size	(<hex>)

<hex>:   DW_TAG_base_type
                DW_AT_name	("signed char")
                DW_AT_encoding	(DW_ATE_signed)
                DW_AT_byte_size	(<hex>)

<hex>:   DW_TAG_base_type
                DW_AT_name	("unsigned char")
                DW_AT_encoding	(DW_ATE_unsigned)
                DW_AT_byte_size	(<hex>)

<hex>:   DW_TAG_base_type
                DW_AT_name	("short")
                DW_AT_encoding	(DW_ATE_signed)
                DW_AT_byte_size	(<hex>)

<hex>:   DW_TAG_base_type
                DW_AT_name	("unsigned short")
                DW_AT_encoding	(DW_ATE_unsigned)
                DW_AT_byte_size	(<hex>)

<hex>:   DW_TAG_base_type
                DW_AT_name	("int")
                DW_AT_encoding	(DW_ATE_signed)
                DW_AT_byte_size	(<hex>)

<hex>:   DW_TAG_base_type
                DW_AT_name	("unsigned int")
                DW_AT_encoding	(DW_ATE_unsigned)
                DW_AT_byte_size	(<hex>)

<hex>:   DW_TAG_base_type
                DW_AT_name	("long long")
                DW_AT_encoding	(DW_ATE_signed)
                DW_AT_byte_size	(<hex>)

<hex>:   DW_TAG_base_type
                DW_AT_name	("unsigned long long")
                DW_AT_encoding	(DW_ATE_unsigned)
                DW_AT_byte_size	(<hex>)

<hex>:   DW_TAG_base_type
                DW_AT_name	("float")
                DW_AT_encoding	(DW_ATE_float)
                DW_AT_byte_size	(<hex>)

<hex>:   DW_TAG_base_type
                DW_AT_name	("double")
                DW_AT_encoding	(DW_ATE_float)
                DW_AT_byte_size	(<hex>)

<hex>:   DW_TAG_base_type
                DW_AT_name	("long double")
                DW_AT_encoding	(DW_ATE_float)
                DW_AT_byte_size	(<hex>)

<hex>:   DW_TAG_subprogram
                DW_AT_name	("foo")
                DW_AT_decl_file	("tests/debuginfo/object-o2/100-cppgm-line-tables-o2.t")
                DW_AT_decl_line	(1)
                DW_AT_low_pc	(<hex>)
                DW_AT_high_pc	(<hex>)
                DW_AT_type	(<hex> "int")

<hex>:     DW_TAG_formal_parameter
                  DW_AT_name	("x")
                  DW_AT_type	(<hex> "int")
                  DW_AT_location	(<hex>: 
                     [<hex>, <hex>): DW_OP_reg9 R9)

<hex>:     DW_TAG_variable
                  DW_AT_name	("y")
                  DW_AT_type	(<hex> "int")
                  DW_AT_location	(<hex>: 
                     [<hex>, <hex>): DW_OP_reg8 R8)

<hex>:     DW_TAG_variable
                  DW_AT_name	("z")
                  DW_AT_type	(<hex> "int")
                  DW_AT_location	(<hex>: 
                     [<hex>, <hex>): DW_OP_reg8 R8)

<hex>:     NULL

<hex>:   DW_TAG_subprogram
                DW_AT_name	("main")
                DW_AT_decl_file	("tests/debuginfo/object-o2/100-cppgm-line-tables-o2.t")
                DW_AT_decl_line	(7)
                DW_AT_low_pc	(<hex>)
                DW_AT_high_pc	(<hex>)
                DW_AT_type	(<hex> "int")

<hex>:     NULL

<hex>:   NULL

.debug_loc contents:
<hex>: 
            (<hex>, <hex>): DW_OP_reg9 R9

<hex>: 
            (<hex>, <hex>): DW_OP_reg8 R8

<hex>: 
            (<hex>, <hex>): DW_OP_reg8 R8

.debug_line contents:
debug_line[<hex>]
Line table prologue:
    total_length: <hex>
          format: DWARF32
         version: 4
 prologue_length: <hex>
 min_inst_length: 1
max_ops_per_inst: 1
 default_is_stmt: 1
       line_base: -5
      line_range: 14
     opcode_base: 13
standard_opcode_lengths[DW_LNS_copy] = 0
standard_opcode_lengths[DW_LNS_advance_pc] = 1
standard_opcode_lengths[DW_LNS_advance_line] = 1
standard_opcode_lengths[DW_LNS_set_file] = 1
standard_opcode_lengths[DW_LNS_set_column] = 1
standard_opcode_lengths[DW_LNS_negate_stmt] = 0
standard_opcode_lengths[DW_LNS_set_basic_block] = 0
standard_opcode_lengths[DW_LNS_const_add_pc] = 0
standard_opcode_lengths[DW_LNS_fixed_advance_pc] = 1
standard_opcode_lengths[DW_LNS_set_prologue_end] = 0
standard_opcode_lengths[DW_LNS_set_epilogue_begin] = 0
standard_opcode_lengths[DW_LNS_set_isa] = 1
include_directories[  1] = "tests/debuginfo/object-o2"
file_names[  1]:
           name: "100-cppgm-line-tables-o2.t"
      dir_index: 1
       mod_time: <hex>
         length: <hex>

Address            Line   Column File   ISA Discriminator OpIndex Flags
------------------ ------ ------ ------ --- ------------- ------- -------------
<hex>      2     11      1   0             0       0  is_stmt
<hex>      2     11      1   0             0       0  is_stmt
<hex>      2     11      1   0             0       0  is_stmt
<hex>      2      3      1   0             0       0  is_stmt
<hex>      3     11      1   0             0       0  is_stmt
<hex>      3     11      1   0             0       0  is_stmt
<hex>      3      3      1   0             0       0  is_stmt
<hex>      4      3      1   0             0       0  is_stmt
<hex>      4      3      1   0             0       0  is_stmt
<hex>      4      3      1   0             0       0  is_stmt end_sequence
<hex>      8      3      1   0             0       0  is_stmt
<hex>      8      3      1   0             0       0  is_stmt
<hex>      8      3      1   0             0       0  is_stmt end_sequence

