global @box_value : u8 [binding=internal, object=_Z9box_value] = 1
global @and_value : u8 [binding=internal, object=_Z9and_value] = 1
global @box_sink [binding=strong, object=_Z8box_sink] = {
  zero 1
}
global @and_sink [binding=strong, object=_Z8and_sink] = {
  zero 1
}

function @__cppgm_init() -> void [role=init, binding=internal] {
  block ^entry:
    return void
}
