global @box [binding=internal, object=_Z3box] = {
  zero 4
}

function @main() -> i32 [role=entry, binding=strong, keep_alias=yes] {
  block ^entry:
    return i32 0
}
function @Box__Box(%this : ptr) -> void [binding=weak, object=_ZN3BoxC1Ev] {
  slot $this : ptr

  block ^entry:
    store ptr %this, $this
    %t1 = load ptr $this
    %t2 = index i8 [projection=field] %t1, 0
    store i32 0, %t2
    return void
}
function @__cppgm_init() -> void [role=init, binding=internal] {
  block ^entry:
    %t1 = addr @box
    call void @Box__Box(%t1)
    return void
}
