global @value : i32 [binding=internal, object=_Z5value] = 1

function @pick(%__param0 : ptr [pass=reference]) -> i32 [binding=strong, object=_Z4pickRi] {
  slot $__param0 : ptr

  block ^entry:
    store ptr %__param0, $__param0
    return i32 1
}
function @pick__ov2(%__param0 : ptr [pass=reference]) -> i32 [binding=strong, object=_Z4pickRKi] {
  slot $__param0 : ptr

  block ^entry:
    store ptr %__param0, $__param0
    return i32 0
}
function @main() -> i32 [role=entry, binding=strong, keep_alias=yes] {
  slot $refarg__1 : i32

  block ^entry:
    store i32 1, $refarg__1
    %t1 = addr $refarg__1
    %t2 = call i32 @pick__ov2(%t1)
    return i32 %t2
}
