function @main() -> i32 [role=entry, binding=strong, keep_alias=yes] {
  slot $cond__1 : i32

  block ^entry:
    %t1 = call u32 @C__capacity(3)
    %t2 = cmp eq u32 %t1, 3
    branch %t2, ^cond_then_1, ^cond_else_2

  block ^cond_then_1:
    store i32 0, $cond__1
    jump ^cond_end_3

  block ^cond_else_2:
    store i32 1, $cond__1
    jump ^cond_end_3

  block ^cond_end_3:
    %t3 = load i32 $cond__1
    return i32 %t3
}
function @C__capacity(%x : u32) -> u32 [binding=weak, object=_ZN1C8capacityEj] {
  slot $x : u32

  block ^entry:
    store u32 %x, $x
    %t1 = load u32 $x
    %t2 = call u32 @C__used__ov2(%t1)
    return u32 %t2
}
function @C__used__ov2(%x : u32) -> u32 [binding=weak, object=_ZN1C4usedEj] {
  slot $x : u32

  block ^entry:
    store u32 %x, $x
    %t1 = load u32 $x
    return u32 %t1
}
