function @main() -> i32 [role=entry, binding=strong, keep_alias=yes] {
  slot $owner : obj<1x1>

  block ^entry:
    %t1 = addr $owner
    %t2 = addr $owner
    %t3 = call i32 @Owner__run(%t2)
    return i32 %t3
}
function @Owner__run(%this : ptr) -> i32 [binding=weak, object=_ZN5Owner3runEv] {
  slot $this : ptr
  slot $box : obj<4x4>
  slot $cond__1 : i32

  block ^entry:
    store ptr %this, $this
    %t1 = addr $box
    %t2 = load ptr $this
    %t3 = index i8 [projection=base_subobject] %t2, 0
    %t4 = call i32 @Base__make_value(%t3)
    call void @Box__Box(%t1, %t4)
    %t5 = addr $box
    %t6 = index i8 [projection=field] %t5, 0
    %t7 = load i32 %t6
    %t8 = cmp eq i32 %t7, 7
    branch %t8, ^cond_then_1, ^cond_else_2

  block ^cond_then_1:
    store i32 0, $cond__1
    jump ^cond_end_3

  block ^cond_else_2:
    store i32 1, $cond__1
    jump ^cond_end_3

  block ^cond_end_3:
    %t9 = load i32 $cond__1
    return i32 %t9
}
function @Box__Box(%this : ptr, %init : i32) -> void [binding=weak, object=_ZN3BoxC1Ei] {
  slot $this : ptr
  slot $init : i32

  block ^entry:
    store ptr %this, $this
    store i32 %init, $init
    %t1 = load i32 $init
    %t2 = load ptr $this
    %t3 = index i8 [projection=field] %t2, 0
    store i32 %t1, %t3
    return void
}
function @Base__make_value(%this : ptr) -> i32 [binding=weak, object=_ZN4Base10make_valueEv] {
  slot $this : ptr

  block ^entry:
    store ptr %this, $this
    return i32 7
}
alias object _ZN3BoxC2Ei = @Box__Box
