function @n__assoc__f(%__param0 : obj<4x4>) -> i32 [binding=strong, object=_ZN1n5assoc1fENS0_1AE] {
  slot $__param0 : obj<4x4>

  block ^entry:
    %t1 = addr $__param0
    copyobj 4x4 %__param0, %t1
    return i32 2
}
function @n__f(%__param0 : obj<4x4>) -> i32 [binding=strong, object=_ZN1n1fENS_5assoc1AE] {
  slot $__param0 : obj<4x4>

  block ^entry:
    %t1 = addr $__param0
    copyobj 4x4 %__param0, %t1
    return i32 1
}
function @n__inner__run() -> i32 [binding=strong, object=_ZN1n5inner3runEv] {
  slot $a : obj<4x4>
  slot $argobj__1 : obj<4x4>

  block ^entry:
    %t1 = addr $a
    %t2 = addr $a
    %t3 = index i8 [projection=field] %t2, 0
    store i32 0, %t3
    %t4 = addr $argobj__1
    %t5 = addr $a
    copyobj 4x4 %t5, %t4
    %t6 = call i32 @n__f($argobj__1)
    return i32 %t6
}
function @main() -> i32 [role=entry, binding=strong, keep_alias=yes] {
  block ^entry:
    %t1 = call i32 @n__inner__run()
    %t2 = binary sub i32 %t1, 1
    return i32 %t2
}
