function @main() -> i32 [role=entry, binding=strong, keep_alias=yes] {
  slot $s : obj<1x1>

  block ^entry:
    %t1 = addr $s
    %t2 = addr $s
    %t3 = addr $s
    %t4 = call i32 @S__f(%t2, %t3)
    %t5 = binary sub i32 %t4, 7
    return i32 %t5
}
function @S__f(%this : ptr, %s : ptr [pass=reference]) -> i32 [binding=weak, object=_ZNK1S1fERS_] {
  slot $this : ptr
  slot $s : ptr

  block ^entry:
    store ptr %this, $this
    store ptr %s, $s
    %t1 = load ptr $s
    %t2 = addr @__lambda_S__f_t29_36
    %t3 = unary decay ptr %t2
    %t4 = call i32 %t3(%t1) as (%arg0 : ptr [pass=reference]) -> i32
    return i32 %t4
}
function @__lambda_S__f_t29_36(%x : ptr [pass=reference]) -> i32 [binding=internal] {
  slot $x : ptr

  block ^entry:
    store ptr %x, $x
    %t1 = load ptr $x
    %t2 = call i32 @S__hidden(%t1)
    return i32 %t2
}
function @S__hidden(%this : ptr) -> i32 [binding=weak, object=_ZNK1S6hiddenEv] {
  slot $this : ptr

  block ^entry:
    store ptr %this, $this
    return i32 7
}
