declare function @holder_int___key(%arg0 : i32) -> u8 [binding=strong, object=_ZN6holderIiE3keyEi]

function @use(%value : ptr [pass=reference]) -> u8 [binding=strong, object=_Z3useRK6holderIiE] {
  slot $value : ptr

  block ^entry:
    store ptr %value, $value
    %t1 = load ptr $value
    %t2 = call u8 @equal(%t1)
    return u8 %t2
}
function @equal(%value : ptr [pass=reference]) -> u8 [binding=weak, object=_Z5equalRK6holderIiE] {
  slot $value : ptr
  slot $argobj__1 : obj<1x1>

  block ^entry:
    store ptr %value, $value
    %t1 = load ptr $value
    %t2 = addr $argobj__1
    %t3 = call u8 @holder_int___visit(%t1, $argobj__1)
    return u8 %t3
}
function @holder_int___visit(%this : ptr, %__param1 : obj<1x1>) -> u8 [binding=weak, object=_ZNK6holderIiE5visitIZ5equalRKS0_E3$_0EEbT_] {
  slot $this : ptr
  slot $__param1 : obj<1x1>

  block ^entry:
    store ptr %this, $this
    return u8 1
}
