function @explicit_specialization_member_emits_char___value(%this : ptr, %__param1 : i8) -> void [binding=strong, object=_ZN36explicit_specialization_member_emitsIcE5valueEc] {
  slot $this : ptr
  slot $__param1 : i8

  block ^entry:
    store ptr %this, $this
    store i8 %__param1, $__param1
    return void
}
