function @convert_error() -> obj<4x4> [binding=strong, object=_Z13convert_errorv] {
  slot $source : obj<4x4>
  slot $retobj__1 : obj<4x4>
  slot $tmpobj__2 : obj<4x4>

  block ^entry:
    %t1 = addr $source
    call void @leaf__result_char___result(%t1, 9)
    %t2 = addr $retobj__1
    %t3 = addr $tmpobj__2
    %t4 = addr $source
    %t5 = call obj<4x4> @leaf__result_char___error(%t4)
    copyobj 4x4 %t5, %t3
    %t6 = call obj<4x4> @leaf__result_char___error_result__operatorresult_U_(%t3)
    copyobj 4x4 %t6, %t2
    return obj<4x4> $retobj__1
}
function @main() -> i32 [role=entry, binding=strong, keep_alias=yes] {
  slot $value : obj<4x4>
  slot $cond__1 : i32

  block ^entry:
    %t1 = addr $value
    %t2 = call obj<4x4> @convert_error()
    copyobj 4x4 %t2, %t1
    %t3 = addr $value
    %t4 = index i8 [projection=field] %t3, 0
    %t5 = load i32 %t4
    %t6 = cmp eq i32 %t5, 9
    branch %t6, ^cond_then_1, ^cond_else_2

  block ^cond_then_1:
    store i32 0, $cond__1
    jump ^cond_end_3

  block ^cond_else_2:
    store i32 1, $cond__1
    jump ^cond_end_3

  block ^cond_end_3:
    %t7 = load i32 $cond__1
    return i32 %t7
}
function @leaf__result_char___result(%this : ptr, %input : i32) -> void [binding=weak, object=_ZN4leaf6resultIcEC1Ei] {
  slot $this : ptr
  slot $input : i32

  block ^entry:
    store ptr %this, $this
    store i32 %input, $input
    %t1 = load i32 $input
    %t2 = load ptr $this
    %t3 = index i8 [projection=field] %t2, 0
    store i32 %t1, %t3
    return void
}
function @leaf__result_char___error_result__operatorresult_U_(%this : ptr) -> obj<4x4> [binding=weak, object=_ZNK4leaf6resultIcE12error_resultcvNS0_IT_EEIiEEv] {
  slot $this : ptr
  slot $retobj__1 : obj<4x4>

  block ^entry:
    store ptr %this, $this
    %t1 = addr $retobj__1
    %t2 = load ptr $this
    %t3 = index i8 [projection=field] %t2, 0
    %t4 = load i32 %t3
    call void @leaf__result_int___result(%t1, %t4)
    return obj<4x4> $retobj__1
}
function @leaf__result_char___error(%this : ptr) -> obj<4x4> [binding=weak, object=_ZNK4leaf6resultIcE5errorEv] {
  slot $this : ptr
  slot $retobj__1 : obj<4x4>

  block ^entry:
    store ptr %this, $this
    %t1 = addr $retobj__1
    %t2 = load ptr $this
    %t3 = index i8 [projection=field] %t2, 0
    %t4 = load i32 %t3
    call void @leaf__result_char___error_result__error_result__ov4(%t1, %t4)
    return obj<4x4> $retobj__1
}
function @leaf__result_int___result(%this : ptr, %input : i32) -> void [binding=weak, object=_ZN4leaf6resultIiEC1Ei] {
  slot $this : ptr
  slot $input : i32

  block ^entry:
    store ptr %this, $this
    store i32 %input, $input
    %t1 = load i32 $input
    %t2 = load ptr $this
    %t3 = index i8 [projection=field] %t2, 0
    store i32 %t1, %t3
    return void
}
function @leaf__result_char___error_result__error_result__ov4(%this : ptr, %value : i32) -> void [unwind=no, binding=weak, object=_ZN4leaf6resultIcE12error_resultC1Ei] {
  slot $this : ptr
  slot $value : i32

  block ^entry:
    store ptr %this, $this
    store i32 %value, $value
    %t1 = load i32 $value
    %t2 = load ptr $this
    %t3 = index i8 [projection=field] %t2, 0
    store i32 %t1, %t3
    return void
}
alias object _ZN4leaf6resultIcEC2Ei = @leaf__result_char___result
alias object _ZN4leaf6resultIiEC2Ei = @leaf__result_int___result
alias object _ZN4leaf6resultIcE12error_resultC2Ei = @leaf__result_char___error_result__error_result__ov4
