global @alive : i32 [binding=strong] = zero
global @destroyed : i32 [binding=strong] = zero

function @main() -> i32 [role=entry, binding=strong, keep_alias=yes] {
  slot $bound : ptr
  slot $tmpobj__1 : obj<16x8>
  slot $sentinel : i64
  slot $lor__2 : i64
  slot $lor__3 : i64
  slot $lor__4 : i64
  slot $call__5 : i64
  slot $second : ptr
  slot $tmpobj__6 : obj<16x8>
  slot $lor__7 : i64
  slot $lor__8 : i64
  slot $call__9 : i64
  slot $call__10 : i64
  slot $lor__11 : i64
  slot $lor__12 : i64
  slot $call__13 : i64
  slot $cleanup_return__14 : i32
  slot $lor__15 : i64

  block ^entry:
    %t1 = addr $tmpobj__1
    call void @Payload__Payload(%t1, 10, 20)
    eh_try ^cleanup_action_2
    store ptr %t1, $bound
    eh_end
    jump ^call_unwind_end_3

  block ^cleanup_resume_1:
    resume

  block ^cleanup_action_2:
    call void @Payload___Payload(%t1)
    jump ^cleanup_resume_1

  block ^call_unwind_end_3:
    store i64 91, $sentinel
    eh_try ^cleanup_action_2
    %t2 = load ptr $bound
    %t3 = call i64 @Payload__sum(%t2)
    store i64 %t3, $call__5
    %t4 = load i64 $call__5
    %t5 = cmp ne i64 %t4, 30
    eh_end
    branch %t5, ^lor_short_14, ^lor_rhs_13

  block ^lor_rhs_13:
    %t6 = load i64 $sentinel
    %t7 = cmp ne i64 %t6, 91
    %t8 = cmp ne i64 %t7, 0
    store i64 %t8, $lor__4
    jump ^lor_end_15

  block ^lor_short_14:
    store i64 1, $lor__4
    jump ^lor_end_15

  block ^lor_end_15:
    %t9 = load i64 $lor__4
    branch %t9, ^lor_short_11, ^lor_rhs_10

  block ^lor_rhs_10:
    %t10 = load i32 @alive
    %t11 = cmp ne i32 %t10, 1
    %t12 = cmp ne i64 %t11, 0
    store i64 %t12, $lor__3
    jump ^lor_end_12

  block ^lor_short_11:
    store i64 1, $lor__3
    jump ^lor_end_12

  block ^lor_end_12:
    %t13 = load i64 $lor__3
    branch %t13, ^lor_short_8, ^lor_rhs_7

  block ^lor_rhs_7:
    %t14 = load i32 @destroyed
    %t15 = cmp ne i32 %t14, 0
    %t16 = cmp ne i64 %t15, 0
    store i64 %t16, $lor__2
    jump ^lor_end_9

  block ^lor_short_8:
    store i64 1, $lor__2
    jump ^lor_end_9

  block ^lor_end_9:
    %t17 = load i64 $lor__2
    branch %t17, ^if_then_4, ^if_else_5

  block ^if_then_4:
    store i32 1, $cleanup_return__14
    jump ^return_cleanup_action_17

  block ^return_cleanup_terminal_16:
    return i32 $cleanup_return__14

  block ^return_cleanup_action_17:
    call void @Payload___Payload(%t1)
    jump ^return_cleanup_terminal_16

  block ^if_else_5:
    jump ^if_end_6

  block ^if_end_6:
    %t18 = addr $tmpobj__6
    eh_try ^cleanup_action_2
    call void @Payload__Payload(%t18, 31, 42)
    eh_end
    eh_try ^cleanup_action_18
    store ptr %t18, $second
    eh_end
    jump ^call_unwind_end_19

  block ^cleanup_action_18:
    call void @Payload___Payload(%t18)
    jump ^cleanup_action_2

  block ^call_unwind_end_19:
    eh_try ^cleanup_action_18
    %t19 = load ptr $second
    %t20 = call i64 @Payload__sum(%t19)
    store i64 %t20, $call__9
    %t21 = load i64 $call__9
    %t22 = cmp ne i64 %t21, 73
    eh_end
    branch %t22, ^lor_short_27, ^lor_rhs_26

  block ^lor_rhs_26:
    eh_try ^cleanup_action_18
    %t23 = load ptr $bound
    %t24 = call i64 @Payload__sum(%t23)
    store i64 %t24, $call__10
    %t25 = load i64 $call__10
    %t26 = cmp ne i64 %t25, 30
    %t27 = cmp ne i64 %t26, 0
    store i64 %t27, $lor__8
    eh_end
    jump ^lor_end_28

  block ^lor_short_27:
    store i64 1, $lor__8
    jump ^lor_end_28

  block ^lor_end_28:
    %t28 = load i64 $lor__8
    branch %t28, ^lor_short_24, ^lor_rhs_23

  block ^lor_rhs_23:
    %t29 = load i32 @alive
    %t30 = cmp ne i32 %t29, 2
    %t31 = cmp ne i64 %t30, 0
    store i64 %t31, $lor__7
    jump ^lor_end_25

  block ^lor_short_24:
    store i64 1, $lor__7
    jump ^lor_end_25

  block ^lor_end_25:
    %t32 = load i64 $lor__7
    branch %t32, ^if_then_20, ^if_else_21

  block ^if_then_20:
    call void @Payload___Payload(%t18)
    call void @Payload___Payload(%t1)
    return i32 2

  block ^if_else_21:
    jump ^if_end_22

  block ^if_end_22:
    call void @Payload___Payload(%t18)
    %t33 = load i32 @alive
    %t34 = cmp ne i32 %t33, 1
    branch %t34, ^lor_short_36, ^lor_rhs_35

  block ^lor_rhs_35:
    %t35 = load i32 @destroyed
    %t36 = cmp ne i32 %t35, 1
    %t37 = cmp ne i64 %t36, 0
    store i64 %t37, $lor__12
    jump ^lor_end_37

  block ^lor_short_36:
    store i64 1, $lor__12
    jump ^lor_end_37

  block ^lor_end_37:
    %t38 = load i64 $lor__12
    branch %t38, ^lor_short_33, ^lor_rhs_32

  block ^lor_rhs_32:
    eh_try ^cleanup_action_2
    %t39 = load ptr $bound
    %t40 = call i64 @Payload__sum(%t39)
    store i64 %t40, $call__13
    %t41 = load i64 $call__13
    %t42 = cmp ne i64 %t41, 30
    %t43 = cmp ne i64 %t42, 0
    store i64 %t43, $lor__11
    eh_end
    jump ^lor_end_34

  block ^lor_short_33:
    store i64 1, $lor__11
    jump ^lor_end_34

  block ^lor_end_34:
    %t44 = load i64 $lor__11
    branch %t44, ^if_then_29, ^if_else_30

  block ^if_then_29:
    store i32 3, $cleanup_return__14
    jump ^return_cleanup_action_17

  block ^if_else_30:
    jump ^if_end_31

  block ^if_end_31:
    call void @Payload___Payload(%t1)
    %t45 = load i32 @alive
    %t46 = cmp ne i32 %t45, 0
    branch %t46, ^lor_short_39, ^lor_rhs_38

  block ^lor_rhs_38:
    %t47 = load i32 @destroyed
    %t48 = cmp ne i32 %t47, 2
    %t49 = cmp ne i64 %t48, 0
    store i64 %t49, $lor__15
    jump ^lor_end_40

  block ^lor_short_39:
    store i64 1, $lor__15
    jump ^lor_end_40

  block ^lor_end_40:
    %t50 = load i64 $lor__15
    %t51 = convert trunc i32 i64 %t50
    return i32 %t51
}
function @Payload__Payload(%this : ptr [object_bytes=16], %x : i64, %y : i64) -> void [binding=weak, object=_ZN7PayloadC1Exx, inline_hint=yes] {
  slot $this : ptr
  slot $x : i64
  slot $y : i64

  block ^entry:
    store ptr %this, $this
    store i64 %x, $x
    store i64 %y, $y
    %t1 = load i64 $x
    %t2 = load ptr $this
    %t3 = index i8 [projection=field] %t2, 0
    store i64 %t1, %t3
    %t4 = load i64 $y
    %t5 = load ptr $this
    %t6 = index i8 [projection=field] %t5, 8
    store i64 %t4, %t6
    %t7 = load i32 @alive
    %t8 = binary add i32 %t7, 1
    store i32 %t8, @alive
    return void
}
function @Payload___Payload(%this : ptr [object_bytes=16]) -> void [unwind=no, binding=weak, object=_ZN7PayloadD1Ev, inline_hint=yes] {
  slot $this : ptr

  block ^entry:
    store ptr %this, $this
    %t1 = load i32 @alive
    %t2 = binary sub i32 %t1, 1
    store i32 %t2, @alive
    %t3 = load i32 @destroyed
    %t4 = binary add i32 %t3, 1
    store i32 %t4, @destroyed
    return void
}
function @Payload__sum(%this : ptr [object_bytes=16]) -> i64 [binding=weak, object=_ZNK7Payload3sumEv, inline_hint=yes] {
  slot $this : ptr

  block ^entry:
    store ptr %this, $this
    %t1 = load ptr $this
    %t2 = index i8 [projection=field] %t1, 0
    %t3 = load i64 %t2
    %t4 = load ptr $this
    %t5 = index i8 [projection=field] %t4, 8
    %t6 = load i64 %t5
    %t7 = binary add i64 %t3, %t6
    return i64 %t7
}
alias object _ZN7PayloadC2Exx = @Payload__Payload
alias object _ZN7PayloadD2Ev = @Payload___Payload
