function @main() -> i32 [role=entry, binding=strong, keep_alias=yes] {
  slot $source : obj<12x4>
  slot $copied : obj<12x4>
  slot $lor__1 : i64
  slot $lor__2 : i64
  slot $lor__3 : i64
  slot $lor__4 : i64

  block ^entry:
    %t1 = addr $source
    call void @YBits__YBits(%t1)
    %t2 = addr $source
    %t3 = index i8 [projection=field] %t2, 4
    %t4 = binary and i32 5, 7
    %t5 = copy u32 %t4
    %t6 = load i32 %t3
    %t7 = binary and i32 %t6, 4294967288
    %t8 = binary or i32 %t7, %t4
    store i32 %t8, %t3
    %t9 = addr $source
    %t10 = index i8 [projection=field] %t9, 4
    %t11 = binary and i32 17, 31
    %t12 = copy u32 %t11
    %t13 = binary shl i32 %t11, 3
    %t14 = load i32 %t10
    %t15 = binary and i32 %t14, 4294967047
    %t16 = binary or i32 %t15, %t13
    store i32 %t16, %t10
    %t17 = addr $source
    %t18 = index i8 [projection=field] %t17, 8
    %t19 = binary and i32 9, 15
    %t20 = copy u32 %t19
    %t21 = load i32 %t18
    %t22 = binary and i32 %t21, 4294967280
    %t23 = binary or i32 %t22, %t19
    store i32 %t23, %t18
    %t24 = addr $source
    %t25 = index i8 [projection=field] %t24, 8
    %t26 = binary and i32 12, 15
    %t27 = copy u32 %t26
    %t28 = binary shl i32 %t26, 4
    %t29 = load i32 %t25
    %t30 = binary and i32 %t29, 4294967055
    %t31 = binary or i32 %t30, %t28
    store i32 %t31, %t25
    %t32 = addr $source
    %t33 = index i8 [projection=field] %t32, 0
    %t34 = index i8 [projection=field] %t33, 0
    store i32 23, %t34
    %t35 = addr $copied
    %t36 = addr $source
    call void @YBits__YBits__sym2(%t35, %t36)
    %t37 = addr $copied
    %t38 = index i8 [projection=field] %t37, 4
    %t39 = load i32 %t38
    %t40 = binary and i32 %t39, 7
    %t41 = copy u32 %t40
    %t42 = copy i32 %t41
    %t43 = cmp ne i32 %t42, 5
    branch %t43, ^lor_short_11, ^lor_rhs_10

  block ^lor_rhs_10:
    %t44 = addr $copied
    %t45 = index i8 [projection=field] %t44, 4
    %t46 = load i32 %t45
    %t47 = binary shr i32 %t46, 3
    %t48 = binary and i32 %t47, 31
    %t49 = copy u32 %t48
    %t50 = copy i32 %t49
    %t51 = cmp ne i32 %t50, 17
    %t52 = cmp ne i64 %t51, 0
    store i64 %t52, $lor__4
    jump ^lor_end_12

  block ^lor_short_11:
    store i64 1, $lor__4
    jump ^lor_end_12

  block ^lor_end_12:
    %t53 = load i64 $lor__4
    branch %t53, ^lor_short_8, ^lor_rhs_7

  block ^lor_rhs_7:
    %t54 = addr $copied
    %t55 = index i8 [projection=field] %t54, 8
    %t56 = load i32 %t55
    %t57 = binary and i32 %t56, 15
    %t58 = copy u32 %t57
    %t59 = copy i32 %t58
    %t60 = cmp ne i32 %t59, 9
    %t61 = cmp ne i64 %t60, 0
    store i64 %t61, $lor__3
    jump ^lor_end_9

  block ^lor_short_8:
    store i64 1, $lor__3
    jump ^lor_end_9

  block ^lor_end_9:
    %t62 = load i64 $lor__3
    branch %t62, ^lor_short_5, ^lor_rhs_4

  block ^lor_rhs_4:
    %t63 = addr $copied
    %t64 = index i8 [projection=field] %t63, 8
    %t65 = load i32 %t64
    %t66 = binary shr i32 %t65, 4
    %t67 = binary and i32 %t66, 15
    %t68 = copy u32 %t67
    %t69 = copy i32 %t68
    %t70 = cmp ne i32 %t69, 12
    %t71 = cmp ne i64 %t70, 0
    store i64 %t71, $lor__2
    jump ^lor_end_6

  block ^lor_short_5:
    store i64 1, $lor__2
    jump ^lor_end_6

  block ^lor_end_6:
    %t72 = load i64 $lor__2
    branch %t72, ^lor_short_2, ^lor_rhs_1

  block ^lor_rhs_1:
    %t73 = addr $copied
    %t74 = index i8 [projection=field] %t73, 0
    %t75 = index i8 [projection=field] %t74, 0
    %t76 = load i32 %t75
    %t77 = cmp ne i32 %t76, 23
    %t78 = cmp ne i64 %t77, 0
    store i64 %t78, $lor__1
    jump ^lor_end_3

  block ^lor_short_2:
    store i64 1, $lor__1
    jump ^lor_end_3

  block ^lor_end_3:
    %t79 = load i64 $lor__1
    %t80 = convert trunc i32 i64 %t79
    return i32 %t80
}
function @YBits__YBits(%this : ptr [object_bytes=12]) -> void [binding=weak, object=_ZN5YBitsC1Ev, inline_hint=yes] {
  slot $this : ptr

  block ^entry:
    store ptr %this, $this
    %t1 = load ptr $this
    %t2 = index i8 [projection=field] %t1, 0
    call void @YMember__YMember(%t2)
    return void
}
function @YBits__YBits__sym2(%this : ptr [alias=noalias, object_bytes=12], %other : ptr [pass=by_address, alias=noalias, object_bytes=12]) -> void [binding=weak, object=_ZN5YBitsC1ERKS_, inline_hint=yes] {
  slot $this : ptr
  slot $other : ptr

  block ^entry:
    store ptr %this, $this
    store ptr %other, $other
    %t1 = load ptr $this
    %t2 = index i8 [projection=field] %t1, 0
    %t3 = load ptr $other
    %t4 = index i8 [projection=field] %t3, 0
    call void @YMember__YMember__ov2(%t2, %t4)
    %t5 = load ptr $other
    %t6 = index i8 [projection=field] %t5, 4
    %t7 = load u32 %t6
    %t8 = load ptr $this
    %t9 = index i8 [projection=field] %t8, 4
    store u32 %t7, %t9
    %t10 = load ptr $other
    %t11 = index i8 [projection=field] %t10, 8
    %t12 = load u32 %t11
    %t13 = load ptr $this
    %t14 = index i8 [projection=field] %t13, 8
    store u32 %t12, %t14
    return void
}
function @YMember__YMember(%this : ptr [object_bytes=4]) -> void [binding=weak, object=_ZN7YMemberC1Ev, inline_hint=yes] {
  slot $this : ptr

  block ^entry:
    store ptr %this, $this
    %t1 = load ptr $this
    %t2 = index i8 [projection=field] %t1, 0
    store i32 0, %t2
    return void
}
function @YMember__YMember__ov2(%this : ptr [alias=noalias, object_bytes=4], %other : ptr [pass=by_address, alias=noalias, object_bytes=4]) -> void [binding=weak, object=_ZN7YMemberC1ERKS_, inline_hint=yes] {
  slot $this : ptr
  slot $other : ptr

  block ^entry:
    store ptr %this, $this
    store ptr %other, $other
    %t1 = load ptr $other
    %t2 = index i8 [projection=field] %t1, 0
    %t3 = load i32 %t2
    %t4 = load ptr $this
    %t5 = index i8 [projection=field] %t4, 0
    store i32 %t3, %t5
    return void
}
alias object _ZN5YBitsC2Ev = @YBits__YBits
alias object _ZN5YBitsC2ERKS_ = @YBits__YBits__sym2
alias object _ZN7YMemberC2Ev = @YMember__YMember
alias object _ZN7YMemberC2ERKS_ = @YMember__YMember__ov2
