function @main() -> i32 [role=entry, binding=strong, keep_alias=yes] {
  slot $value : obj<1x1>
  slot $tmpobj__1 : obj<4x4>
  slot $tmpobj__2 : obj<4x4>

  block ^entry:
    %t1 = addr $value
    %t2 = addr $tmpobj__1
    %t3 = addr $tmpobj__2
    %t4 = addr $value
    %t5 = call obj<4x4> @adaptor_int___data(%t4)
    copyobj 4x4 %t5, %t3
    %t6 = call obj<4x4> @adaptor_int___range_false___begin(%t3)
    copyobj 4x4 %t6, %t2
    %t7 = index i8 [projection=field] %t2, 0
    %t8 = load i32 %t7
    return i32 %t8
}
function @adaptor_int___data(%this : ptr) -> obj<4x4> [binding=weak, object=_ZNK7adaptorIiE4dataEv, object_root=yes] {
  slot $this : ptr
  slot $retobj__1 : obj<4x4>

  block ^entry:
    store ptr %this, $this
    %t1 = addr $retobj__1
    call void @adaptor_int___range_false___range(%t1)
    return obj<4x4> $retobj__1
}
function @adaptor_int___range_false___begin(%this : ptr) -> obj<4x4> [binding=weak, object=_ZNK7adaptorIiE5rangeILb0EE5beginEv] {
  slot $this : ptr
  slot $retobj__1 : obj<4x4>

  block ^entry:
    store ptr %this, $this
    %t1 = addr $retobj__1
    call void @adaptor_int___range_false___iterator__iterator(%t1)
    return obj<4x4> $retobj__1
}
function @adaptor_int___range_false___range(%this : ptr) -> void [unwind=no, binding=weak, object=_ZN7adaptorIiE5rangeILb0EEC1Ev, trivial_lifecycle=yes] {
  slot $this : ptr

  block ^entry:
    store ptr %this, $this
    return void
}
function @adaptor_int___range_false___iterator__iterator(%this : ptr) -> void [binding=weak, object=_ZN7adaptorIiE5rangeILb0EE8iteratorC1Ev] {
  slot $this : ptr

  block ^entry:
    store ptr %this, $this
    %t1 = load ptr $this
    %t2 = index i8 [projection=field] %t1, 0
    store i32 0, %t2
    return void
}
alias object _ZN7adaptorIiE5rangeILb0EEC2Ev = @adaptor_int___range_false___range
alias object _ZN7adaptorIiE5rangeILb0EE8iteratorC2Ev = @adaptor_int___range_false___iterator__iterator
