function @main() -> i32 [role=entry, binding=strong, keep_alias=yes] {
  slot $cond__1 : i32

  block ^entry:
    %t1 = call i32 @host__run()
    %t2 = cmp eq i32 %t1, 17
    branch %t2, ^cond_then_1, ^cond_else_2

  block ^cond_then_1:
    store i32 0, $cond__1
    jump ^cond_end_3

  block ^cond_else_2:
    store i32 1, $cond__1
    jump ^cond_end_3

  block ^cond_end_3:
    %t3 = load i32 $cond__1
    return i32 %t3
}
function @host__run() -> i32 [binding=weak, object=_ZN4host3runEv] {
  slot $value : i32
  slot $argobj__1 : obj<8x8>

  block ^entry:
    store i32 0, $value
    %t1 = addr $argobj__1
    %t2 = addr $value
    call void @host__shadow_maker__shadow_maker(%t1, %t2)
    call void @invoke($argobj__1)
    %t3 = load i32 $value
    return i32 %t3
}
function @host__shadow_maker__shadow_maker(%this : ptr, %p : ptr) -> void [binding=weak, object=_ZN4host12shadow_makerC1EPi] {
  slot $this : ptr
  slot $p : ptr

  block ^entry:
    store ptr %this, $this
    store ptr %p, $p
    %t1 = load ptr $p
    %t2 = load ptr $this
    %t3 = index i8 [projection=field] %t2, 0
    store ptr %t1, %t3
    return void
}
function @invoke(%f : obj<8x8>) -> void [binding=weak, object=_Z6invokeIN4host12shadow_makerEEvT_] {
  slot $f : obj<8x8>

  block ^entry:
    %t1 = addr $f
    copyobj 8x8 %f, %t1
    %t2 = addr $f
    call void @host__shadow_maker__operator__(%t2)
    return void
}
function @host__shadow_maker__operator__(%this : ptr) -> void [binding=weak, object=_ZN4host12shadow_makerclEv] {
  slot $this : ptr

  block ^entry:
    store ptr %this, $this
    %t1 = load ptr $this
    %t2 = index i8 [projection=field] %t1, 0
    %t3 = load ptr %t2
    store i32 17, %t3
    return void
}
